05-21 10:42:41.828 16351-16351/? W/google-breakpad: M 0000007F977F8000 0000000000000000 000000000001C000 4108049E7EBCEC43D9B03F7EA23B4D100 libbacktrace.so
05-21 10:42:41.828 16351-16351/? W/google-breakpad: M 0000007F97814000 0000000000000000 000000000002E000 DB8CDB788EAD8E5B67730B3C095416100 libz.so
05-21 10:42:41.828 16351-16351/? W/google-breakpad: M 0000007F97842000 0000000000000000 0000000000015000 FEC157F6647FF079FFB853FAA8D927FA0 libusbhost.so
05-21 10:42:41.828 16351-16351/? W/google-breakpad: M 0000007F97857000 0000000000000000 000000000002C000 2F96990B488E8155AC82B80C9B1CF2030 libui.so
05-21 10:42:41.828 16351-16351/? W/google-breakpad: M 0000007F97883000 0000000000000000 0000000000080000 61BFCA86D2935D48E8CF1D0C4EC336120 libstlport.so
05-21 10:42:41.828 16351-16351/? W/google-breakpad: M 0000007F97903000 0000000000000000 0000000000078000 96743DBAF43B4585E13E73505F75200E0 libssl.so
05-21 10:42:41.828 16351-16351/? W/google-breakpad: M 0000007F9797D000 0000000000000000 00000000000CA000 694CC028540F6195EF72A087D129ED6A0 libsqlite.so
05-21 10:42:41.828 16351-16351/? W/google-breakpad: M 0000007F97A49000 0000000000000000 0000000000022000 A6B7257A1DD82DEC73C024B8A3CE964B0 libsoundtrigger.so
05-21 10:42:41.828 16351-16351/? W/google-breakpad: M 0000007F97A6B000 0000000000000000 000000000006C000 25EEA29DB79CC45ED4EFF9CC0E467B910 libsonivox.so
05-21 10:42:41.829 16351-16351/? W/google-breakpad: M 0000007F97AD8000 0000000000000000 0000000000467000 65C5695E17D06BD2822D75D75688D6260 libskia.so
05-21 10:42:41.829 16351-16351/? W/google-breakpad: M 0000007F97F49000 0000000000000000 0000000000026000 AB490647656DE931B730D005CACC2E740 libselinux.so
05-21 10:42:41.829 16351-16351/? W/google-breakpad: M 0000007F97F70000 0000000000000000 0000000000013000 FA7406681419D740C90602FA40979E270 libprocessgroup.so
05-21 10:42:41.829 16351-16351/? W/google-breakpad: M 0000007F97F83000 0000000000000000 00000000004A7000 FFDB36B7F9C669FFE532C73F3635CA5C0 libpdfium.so
05-21 10:42:41.829 16351-16351/? W/google-breakpad: M 0000007F9843C000 0000000000000000 000000000001E000 BB6E84916B1F591E11453FF5E0CBD5F10 libnetutils.so
05-21 10:42:41.829 16351-16351/? W/google-breakpad: M 0000007F9845A000 0000000000000000 0000000000013000 31A092CCC243F8F39C719EFC786B1D990 libnetd_client.so
05-21 10:42:41.829 16351-16351/? W/google-breakpad: M 0000007F9846E000 0000000000000000 0000000000019000 93B2DC9242BBD9901FE9B4A82DC8ECE30 libnativehelper.so
05-21 10:42:41.829 16351-16351/? W/google-breakpad: M 0000007F98487000 0000000000000000 0000000000014000 D5A7AD5BD626D16F26B0CC66300E29190 libnativebridge.so
05-21 10:42:41.829 16351-16351/? W/google-breakpad: M 0000007F9849B000 0000000000000000 000000000001B000 505F8F4DD87C0D509C60E2D45D0C3CC50 libmtksqlite3_android.so
05-21 10:42:41.830 16351-16351/? W/google-breakpad: M 0000007F984B6000 0000000000000000 0000000000023000 7D250ED173FE889B73E52B25E1B212550 libminikin.so
05-21 10:42:41.830 16351-16351/? W/google-breakpad: M 0000007F984D9000 0000000000000000 0000000000013000 0755E111EB23DDF9817895019A8147000 libmemtrack.so
05-21 10:42:41.830 16351-16351/? W/google-breakpad: M 0000007F984EC000 0000000000000000 0000000000129000 EEE7FB0E1A53F92A3378B55C16211C320 libmedia.so
05-21 10:42:41.830 16351-16351/? W/google-breakpad: M 0000007F98615000 0000000000000000 0000000000020000 D2E242CB88479F29C814243B953C8D740 libjunk_log_collector_service.so
05-21 10:42:41.830 16351-16351/? W/google-breakpad: M 0000007F98635000 0000000000000000 0000000000048000 D4402EE1CFC8CF814C5D546D9A06BB000 libjpeg.so
05-21 10:42:41.830 16351-16351/? W/google-breakpad: M 0000007F9867D000 0000000000000000 0000000000072000 BBCD9FAA7BE8706F59378D98B37E7CA90 libinputflinger.so
05-21 10:42:41.830 16351-16351/? W/google-breakpad: M 0000007F986EF000 0000000000000000 000000000003D000 1BD94E6794A7605427E890ED83CAB6C00 libinput.so
05-21 10:42:41.830 16351-16351/? W/google-breakpad: M 0000007F9872C000 0000000000000000 0000000000025000 A4258E1ED1F1DB97BDED73F4FA5301B10 libimg_utils.so
05-21 10:42:41.831 16351-16351/? W/google-breakpad: M 0000007F98751000 0000000000000000 00000000001AC000 23E99791AABC450B324BDAFFBD58D7B70 libicuuc.so
05-21 10:42:41.831 16351-16351/? W/google-breakpad: M 0000007F98901000 0000000000000000 000000000023A000 0C71B1B533E84628261811E6DBD933470 libicui18n.so
05-21 10:42:41.831 16351-16351/? W/google-breakpad: M 0000007F98B3B000 0000000000000000 00000000000C2000 5D6E11887074FEBF6B9C217611862B280 libhwui.so
05-21 10:42:41.831 16351-16351/? W/google-breakpad: M 0000007F98BFD000 0000000000000000 000000000007D000 99283D14FA56E48B8225B1258ABCAE1D0 libharfbuzz_ng.so
05-21 10:42:41.831 16351-16351/? W/google-breakpad: M 0000007F98C7A000 0000000000000000 0000000000019000 5756C56D4063582B6768F1FE9FAF32BB0 libhardware_legacy.so
05-21 10:42:41.831 16351-16351/? W/google-breakpad: M 0000007F98C94000 0000000000000000 0000000000013000 4030556AD990886C3DC8B0446FF202050 libhardware.so
05-21 10:42:41.831 16351-16351/? W/google-breakpad: M 0000007F98CA7000 0000000000000000 0000000000099000 90BCFA19E23705392587779E365823760 libgui.so
05-21 10:42:41.832 16351-16351/? W/google-breakpad: M 0000007F98D40000 0000000000000000 0000000000034000 3CB01086A5B1C8F1B1C812634C7579920 libexpat.so
05-21 10:42:41.832 16351-16351/? W/google-breakpad: M 0000007F98D74000 0000000000000000 000000000001A000 F3E26F14CC3C56824DFE5CCAC4D68BBB0 libcritical_log_service.so
05-21 10:42:41.832 16351-16351/? W/google-breakpad: M 0000007F98D8E000 0000000000000000 000000000001A000 D0257804810290A70E77523A554403680 libcamera_metadata.so
05-21 10:42:41.832 16351-16351/? W/google-breakpad: M 0000007F98DA8000 0000000000000000 000000000001B000 F129A8A692FAC8AD150FF45A4DE7EE460 libcamera_client_mtk.so
05-21 10:42:41.832 16351-16351/? W/google-breakpad: M 0000007F98DC3000 0000000000000000 0000000000069000 0FB51DC66DF397D5DA7CF090818F10A40 libcamera_client.so
05-21 10:42:41.832 16351-16351/? W/google-breakpad: M 0000007F98E2C000 0000000000000000 0000000000017000 CBC4C7474AEBD48EEF9152FAC591E7D10 libaudioutils.so
05-21 10:42:41.832 16351-16351/? W/google-breakpad: M 0000007F98E43000 0000000000000000 0000000000019000 C98E111F45F4864DA286495A0A0B02870 libassert_tip_service.so
05-21 10:42:41.832 16351-16351/? W/google-breakpad: M 0000007F98E5C000 0000000000000000 000000000004D000 05EB99203330BC4B7B624049D9DA5B3E0 libandroidfw.so
05-21 10:42:41.833 16351-16351/? W/google-breakpad: M 0000007F98EA9000 0000000000000000 0000000000020000 58BBE7C1A1E2C40C4166C2775D24B6970 libGLESv2.so
05-21 10:42:41.833 16351-16351/? W/google-breakpad: M 0000007F98EC9000 0000000000000000 000000000001A000 74C551AD09E2EB6515044691C578A6B80 libGLESv1_CM.so
05-21 10:42:41.833 16351-16351/? W/google-breakpad: M 0000007F98EE3000 0000000000000000 0000000000013000 6D40CEE9342161C8722FC904EB9AB5960 libETC1.so
05-21 10:42:41.833 16351-16351/? W/google-breakpad: M 0000007F98EF6000 0000000000000000 00000000000E2000 D9476D4E0787E6D93010E418FF8DDC2F0 libEGL.so
05-21 10:42:41.833 16351-16351/? W/google-breakpad: M 0000007F98FDE000 0000000000000000 0000000000036000 5F06B27D80A9518A9F7B005D518E726E0 libutils.so
05-21 10:42:41.833 16351-16351/? W/google-breakpad: M 0000007F99014000 0000000000000000 0000000000014000 3ECCB93CC6B460A64B736138AE82CF750 libstdc++.so
05-21 10:42:41.833 16351-16351/? W/google-breakpad: M 0000007F99028000 0000000000000000 000000000003F000 013A27F54A2DAF608E3F78832D164CBA0 libm.so
05-21 10:42:41.833 16351-16351/? W/google-breakpad: M 0000007F99067000 0000000000000000 0000000000019000 C3C0E32F72B8D4DFFF8A26C6B57C127B0 liblog.so
05-21 10:42:41.833 16351-16351/? W/google-breakpad: M 0000007F99080000 0000000000000000 0000000000026000 D3B3921FECE70D06FAA920E6C36AAF7C0 libcutils.so
05-21 10:42:41.834 16351-16351/? W/google-breakpad: M 0000007F990A6000 0000000000000000 00000000001E1000 FA2EA8DD5043536E5EA28D56C0E2B6ED0 libcrypto.so
05-21 10:42:41.834 16351-16351/? W/google-breakpad: M 0000007F99289000 0000000000000000 00000000000C5000 47ADA568023627F1A102DAB85956EAD30 libc.so
05-21 10:42:41.834 16351-16351/? W/google-breakpad: M 0000007F9935C000 0000000000000000 000000000005E000 5393E3229E13788FCA22B85CE56199CC0 libbinder.so
05-21 10:42:41.834 16351-16351/? W/google-breakpad: M 0000007F993BA000 0000000000000000 00000000001BB000 732557576E0A3BA31F145BD3F929B2950 libandroid_runtime.so
05-21 10:42:41.834 16351-16351/? W/google-breakpad: M 0000007F99577000 0000000000000000 0000000000012000 4AEF4D10BC4AC910B953C95BE242B02C0 libdirect-coredump.so
05-21 10:42:41.834 16351-16351/? W/google-breakpad: M 0000007F99589000 0000000000000000 0000000000011000 BC8096FF6BBC05B226AF446CDF5B64200 linker64
05-21 10:42:41.838 16351-16351/? W/google-breakpad: M 0000007F995A8000 0000000000000000 0000000000002000 672B2CD6CF8AF6C43BD70F2AB02B3D0C0 linux-gate.so
05-21 10:42:41.838 16351-16351/? W/google-breakpad: -----END BREAKPAD MICRODUMP-----

05-21 10:42:41.855 16219-16219/package.name W/google-breakpad: ### ### ### ### ### ### ### ### ### ### ### ### ###
05-21 10:42:41.855 16219-16219/package.name W/google-breakpad: Chrome build fingerprint:
05-21 10:42:41.855 16219-16219/package.name W/google-breakpad: 1.0.0
05-21 10:42:41.855 16219-16219/package.name W/google-breakpad: 1
05-21 10:42:41.855 16219-16219/package.name W/google-breakpad: d0979a1e-0d81-4c4d-97cc-f4253b4e9c74
05-21 10:42:41.855 16219-16219/package.name W/google-breakpad: ### ### ### ### ### ### ### ### ### ### ### ### ###
05-21 10:42:41.855 16219-16219/package.name E/chromium: ### WebView Version 43.0.2357.121 (code 52357121)
05-21 10:42:41.855 16219-16219/package.name A/libc: Fatal signal 6 (SIGABRT), code -6 in tid 16219 (app.package.name)
05-21 10:42:41.856 363-363/? D/AEE/AED: $===AEE===AEE===AEE===$
05-21 10:42:41.856 363-363/? D/AEE/AED: p 0 poll events 1 revents 0
05-21 10:42:41.856 363-363/? D/AEE/AED: not know revents:0
05-21 10:42:41.856 363-363/? D/AEE/AED: p 1 poll events 1 revents 0
05-21 10:42:41.856 363-363/? D/AEE/AED: not know revents:0
05-21 10:42:41.856 363-363/? D/AEE/AED: p 2 poll events 1 revents 1
05-21 10:42:41.856 363-363/? D/AEE/AED: aed_main_fork_worker: generator 0x7fa2c1a0e0, worker 0x7fffb054b0, recv_fd 14
05-21 10:42:41.857 363-363/? D/AEE/AED: p 3 poll events 1 revents 0
05-21 10:42:41.857 363-363/? D/AEE/AED: not know revents:0
05-21 10:42:41.857 16352-16352/? I/AEE/AED: handle_request(14)
05-21 10:42:41.858 16352-16352/? I/AEE/AED: check process 16219 name:app.package.name
05-21 10:42:41.858 16352-16352/? I/AEE/AED: tid 16219 abort msg address is:0x0000007f8ca03000 si_code is:-6 (request from 16219:10410)
05-21 10:42:41.858 16352-16352/? I/AEE/AED: BOOM: pid=16219 uid=10410 gid=10410 tid=16219
05-21 10:42:41.859 16352-16352/? I/AEE/AED: [OnPurpose Redunant in void preset_info(aed_report_record*, int, int)] pid: 16219, tid: 16219, name: app.package.name  >>> package.name <<<
05-21 10:42:41.876 412-15086/? D/AKMD2: GetMagneticVector: ST1, HXH&HXL, HYH&HYL, HZH&HZL, ST2, hdata[0].u.x, hdata[0].u.y, hdata[0].u.z, asax, asay, asaz = 1, 15, -91, -215, 0, 2118, 2855, 12249, 17, 17, 13
05-21 10:42:41.917 16352-16352/? I/AEE/AED: *** *** *** *** *** *** *** *** *** *** *** *** *** *** *** ***

05-21 10:42:41.917 16352-16352/? I/AEE/AED: Build fingerprint: 'OPPO/A59m/A59:5.1/LMY47I/1515760704:user/release-keys'
05-21 10:42:41.917 16352-16352/? I/AEE/AED: Revision: '0'
05-21 10:42:41.917 16352-16352/? I/AEE/AED: ABI: 'arm64'
05-21 10:42:41.917 16352-16352/? I/AEE/AED: pid: 16219, tid: 16219, name: app.package.name  >>> package.name <<<
05-21 10:42:41.918 16352-16352/? I/AEE/AED: signal 6 (SIGABRT), code -6 (SI_TKILL), fault addr --------
05-21 10:42:41.942 412-15086/? D/AKMD2: GetMagneticVector: ST1, HXH&HXL, HYH&HYL, HZH&HZL, ST2, hdata[0].u.x, hdata[0].u.y, hdata[0].u.z, asax, asay, asaz = 1, 18, -90, -217, 0, 2152, 2866, 12227, 17, 17, 13
05-21 10:42:41.957 16352-16352/? I/AEE/AED: Abort message: '[FATAL:jni_android.cc(295)] Check failed: false. Please include Java exception stack in crash report
    '
05-21 10:42:41.957 16352-16352/? I/AEE/AED:     x0   0000000000000000  x1   0000000000003f5b  x2   0000000000000006  x3   0000007f995abe30
05-21 10:42:41.957 16352-16352/? I/AEE/AED:     x4   0000007f995abe30  x5   0000000000000005  x6   0000000000000001  x7   0000000000000020
05-21 10:42:41.957 16352-16352/? I/AEE/AED:     x8   0000000000000083  x9   000000000000000a  x10  0000000000000009  x11  0000000000000001
05-21 10:42:41.957 16352-16352/? I/AEE/AED:     x12  0000000000000001  x13  20657361656c5020  x14  206564756c636e69  x15  0000007f993585a8
05-21 10:42:41.957 16352-16352/? I/AEE/AED:     x16  0000007f9934a5f8  x17  0000007f992e905c  x18  0000000000000000  x19  0000007f995abe30
05-21 10:42:41.957 16352-16352/? I/AEE/AED:     x20  0000007f995ac0e8  x21  0000007f99350000  x22  000000000000000b  x23  0000000000000006
05-21 10:42:41.957 16352-16352/? I/AEE/AED:     x24  0000007fcdbc8c90  x25  0000007fcdbc8ca0  x26  0000007fcdbc8c50  x27  0000007f82dff430
05-21 10:42:41.958 16352-16352/? I/AEE/AED:     x28  0000000000100021  x29  0000007fcdbc8640  x30  0000007f992a93c0
05-21 10:42:41.958 16352-16352/? I/AEE/AED:     sp   0000007fcdbc8640  pc   0000007f992e9064  pstate 0000000060000000
05-21 10:42:41.958 16352-16352/? I/AEE/AED: backtrace:
05-21 10:42:41.958 16352-16352/? I/AEE/AED:     #00 pc 0000000000060064  /system/lib64/libc.so (tgkill+8)
05-21 10:42:41.958 16352-16352/? I/AEE/AED:     #01 pc 00000000000203bc  /system/lib64/libc.so (pthread_kill+160)
05-21 10:42:41.958 16352-16352/? I/AEE/AED:     #02 pc 00000000000218f0  /system/lib64/libc.so (raise+28)
05-21 10:42:41.958 16352-16352/? I/AEE/AED:     #03 pc 000000000001b1fc  /system/lib64/libc.so (abort+60)
05-21 10:42:41.958 16352-16352/? I/AEE/AED:     #04 pc 00000000006c2cc4  /system/app/WebViewGoogle/lib/arm64/libwebviewchromium.so
05-21 10:42:42.002 925-1102/? I/PerfService: PerfServiceNative_boostDisableAsync:5
05-21 10:42:42.002 925-1133/? I/libPerfService: 5: set: 3, -1
05-21 10:42:42.003 925-1133/? I/libPerfService: 5: set max: -1, -1
05-21 10:42:42.003 925-1133/? I/libPerfService: [perfScnDisable] scn:6, scn_root_cluster:-1
05-21 10:42:42.003 925-1133/? I/libPerfService: [perfScnDisable] scn:7, scn_root_cluster:-1
05-21 10:42:42.003 925-1133/? I/libPerfService: 5: set freq: 910000, -1
05-21 10:42:42.003 925-1133/? I/libPerfService: 5: set vcore level: 0
05-21 10:42:42.006 387-387/? I/thermal_src: wake up function 3
05-21 10:42:42.006 387-387/? I/thermal_src: TA_DAEMON_CMD_GET_TPCB cmd=0x5, len=4 PCB=37000
05-21 10:42:42.006 387-387/? I/thermal_src: TA_DAEMON_CMD_SET_TTJ cmd=0x4, len=4 Tj=85000
05-21 10:42:42.009 412-15086/? D/AKMD2: GetMagneticVector: ST1, HXH&HXL, HYH&HYL, HZH&HZL, ST2, hdata[0].u.x, hdata[0].u.y, hdata[0].u.z, asax, asay, asaz = 1, 17, -90, -216, 0, 2141, 2866, 12238, 17, 17, 13
05-21 10:42:42.015 384-384/? D/PSD: Prox is far ps 72 als 393 highlight  0 crosstalk 72
05-21 10:42:42.075 412-15086/? D/AKMD2: GetMagneticVector: ST1, HXH&HXL, HYH&HYL, HZH&HZL, ST2, hdata[0].u.x, hdata[0].u.y, hdata[0].u.z, asax, asay, asaz = 1, 18, -93, -218, 0, 2152, 2832, 12216, 17, 17, 13
05-21 10:42:42.081 384-384/? D/PSD: set_ps_threshold: low_threshold 133 high_threshold 153 ps_average 73 algo_state 1
05-21 10:42:42.140 412-15086/? D/AKMD2: GetMagneticVector: ST1, HXH&HXL, HYH&HYL, HZH&HZL, ST2, hdata[0].u.x, hdata[0].u.y, hdata[0].u.z, asax, asay, asaz = 1, 15, -97, -216, 0, 2118, 2787, 12238, 17, 17, 13
05-21 10:42:42.238 412-15086/? D/AKMD2: GetMagneticVector: ST1, HXH&HXL, HYH&HYL, HZH&HZL, ST2, hdata[0].u.x, hdata[0].u.y, hdata[0].u.z, asax, asay, asaz = 1, 19, -99, -218, 0, 2164, 2764, 12216, 17, 17, 13
05-21 10:42:42.311 412-15086/? D/AKMD2: GetMagneticVector: ST1, HXH&HXL, HYH&HYL, HZH&HZL, ST2, hdata[0].u.x, hdata[0].u.y, hdata[0].u.z, asax, asay, asaz = 1, 22, -99, -219, 0, 2198, 2764, 12205, 17, 17, 13
05-21 10:42:42.321 925-1133/? D/PerfServiceManager: [PerfService] MESSAGE_TIMEOUT:107 
05-21 10:42:42.321 925-1133/? I/libPerfService: 7: set: -1, -1
05-21 10:42:42.321 925-1133/? I/libPerfService: 7: set max: -1, -1
05-21 10:42:42.321 925-1133/? I/libPerfService: [perfScnDisable] scn:6, scn_root_cluster:-1
05-21 10:42:42.322 925-1133/? I/libPerfService: 7: set freq: -1, -1
05-21 10:42:42.322 925-1133/? I/libPerfService: 7: set vcore level: 0
05-21 10:42:42.322 925-1133/? D/PerfServiceManager: [PerfService] set utilization:0.8 
05-21 10:42:42.339 412-15086/? D/AKMD2: GetMagneticVector: ST1, HXH&HXL, HYH&HYL, HZH&HZL, ST2, hdata[0].u.x, hdata[0].u.y, hdata[0].u.z, asax, asay, asaz = 1, 21, -101, -220, 0, 2186, 2741, 12194, 17, 17, 13
05-21 10:42:42.405 412-15086/? D/AKMD2: GetMagneticVector: ST1, HXH&HXL, HYH&HYL, HZH&HZL, ST2, hdata[0].u.x, hdata[0].u.y, hdata[0].u.z, asax, asay, asaz = 1, 19, -100, -215, 0, 2164, 2753, 12249, 17, 17, 13
05-21 10:42:42.424 925-947/? E/LIGHT: AmbiLightSensor: get als value 439
05-21 10:42:42.424 925-947/? E/LIGHT: AmbiLightSensor: report als event
05-21 10:42:42.424 925-947/? E/PROXIMITY: ProximitySensor: unknown event (type=3, code=0)
05-21 10:42:42.424 925-947/? E/PROXIMITY: ProximitySensor: invalid EV_SYN
05-21 10:42:42.471 412-15086/? D/AKMD2: GetMagneticVector: ST1, HXH&HXL, HYH&HYL, HZH&HZL, ST2, hdata[0].u.x, hdata[0].u.y, hdata[0].u.z, asax, asay, asaz = 1, 20, -100, -218, 0, 2175, 2753, 12216, 17, 17, 13
05-21 10:42:42.494 384-384/? D/PSD: set_ps_threshold: low_threshold 134 high_threshold 154 ps_average 74 algo_state 1
05-21 10:42:42.538 412-15086/? D/AKMD2: GetMagneticVector: ST1, HXH&HXL, HYH&HYL, HZH&HZL, ST2, hdata[0].u.x, hdata[0].u.y, hdata[0].u.z, asax, asay, asaz = 1, 21, -100, -218, 0, 2186, 2753, 12216, 17, 17, 13
05-21 10:42:42.540 925-925/? D/UsbDeviceManager: onReceive - BATTERY_CHANGED - mPlugType: 2, mSettingUsbCharging: false, mConnected: true, mSettingUsbBicr: false
05-21 10:42:42.540 925-925/? D/WifiService: onReceive, action:android.intent.action.BATTERY_CHANGED
05-21 10:42:42.603 412-15086/? D/AKMD2: GetMagneticVector: ST1, HXH&HXL, HYH&HYL, HZH&HZL, ST2, hdata[0].u.x, hdata[0].u.y, hdata[0].u.z, asax, asay, asaz = 1, 20, -100, -217, 0, 2175, 2753, 12227, 17, 17, 13
05-21 10:42:42.670 412-15086/? D/AKMD2: GetMagneticVector: ST1, HXH&HXL, HYH&HYL, HZH&HZL, ST2, hdata[0].u.x, hdata[0].u.y, hdata[0].u.z, asax, asay, asaz = 1, 20, -100, -217, 0, 2175, 2753, 12227, 17, 17, 13
05-21 10:42:42.736 412-15086/? D/AKMD2: GetMagneticVector: ST1, HXH&HXL, HYH&HYL, HZH&HZL, ST2, hdata[0].u.x, hdata[0].u.y, hdata[0].u.z, asax, asay, asaz = 1, 19, -102, -216, 0, 2164, 2730, 12238, 17, 17, 13
05-21 10:42:42.755 384-384/? D/PSD: Prox is far ps 73 als 412 highlight  0 crosstalk 72
05-21 10:42:42.802 412-15086/? D/AKMD2: GetMagneticVector: ST1, HXH&HXL, HYH&HYL, HZH&HZL, ST2, hdata[0].u.x, hdata[0].u.y, hdata[0].u.z, asax, asay, asaz = 1, 21, -99, -219, 0, 2186, 2764, 12205, 17, 17, 13
05-21 10:42:42.814 925-1113/? I/WifiStateMachine: fetchRssiLinkSpeedAndFrequencyNative, newRssi:-57, newLinkSpeed:65, SSID:"wifi_2.4G"
05-21 10:42:42.868 412-15086/? D/AKMD2: GetMagneticVector: ST1, HXH&HXL, HYH&HYL, HZH&HZL, ST2, hdata[0].u.x, hdata[0].u.y, hdata[0].u.z, asax, asay, asaz = 1, 21, -99, -218, 0, 2186, 2764, 12216, 17, 17, 13
05-21 10:42:42.885 384-384/? D/PSD: set_ps_threshold: low_threshold 133 high_threshold 153 ps_average 73 algo_state 1
05-21 10:42:42.925 925-947/? E/LIGHT: AmbiLightSensor: get als value 374
05-21 10:42:42.925 925-947/? E/LIGHT: AmbiLightSensor: report als event
05-21 10:42:42.925 925-947/? E/PROXIMITY: ProximitySensor: unknown event (type=3, code=0)
05-21 10:42:42.925 925-947/? E/PROXIMITY: ProximitySensor: invalid EV_SYN
05-21 10:42:42.934 412-15086/? D/AKMD2: GetMagneticVector: ST1, HXH&HXL, HYH&HYL, HZH&HZL, ST2, hdata[0].u.x, hdata[0].u.y, hdata[0].u.z, asax, asay, asaz = 1, 22, -98, -217, 0, 2198, 2775, 12227, 17, 17, 13
05-21 10:42:43.000 412-15086/? D/AKMD2: GetMagneticVector: ST1, HXH&HXL, HYH&HYL, HZH&HZL, ST2, hdata[0].u.x, hdata[0].u.y, hdata[0].u.z, asax, asay, asaz = 1, 24, -98, -219, 0, 2220, 2775, 12205, 17, 17, 13
05-21 10:42:43.066 412-15086/? D/AKMD2: GetMagneticVector: ST1, HXH&HXL, HYH&HYL, HZH&HZL, ST2, hdata[0].u.x, hdata[0].u.y, hdata[0].u.z, asax, asay, asaz = 1, 22, -97, -216, 0, 2198, 2787, 12238, 17, 17, 13
05-21 10:42:43.132 412-15086/? D/AKMD2: GetMagneticVector: ST1, HXH&HXL, HYH&HYL, HZH&HZL, ST2, hdata[0].u.x, hdata[0].u.y, hdata[0].u.z, asax, asay, asaz = 1, 22, -98, -217, 0, 2198, 2775, 12227, 17, 17, 13
05-21 10:42:43.157 29728-29965/? E/Parcel: Reading a NULL string not supported here.
05-21 10:42:43.199 412-15086/? D/AKMD2: GetMagneticVector: ST1, HXH&HXL, HYH&HYL, HZH&HZL, ST2, hdata[0].u.x, hdata[0].u.y, hdata[0].u.z, asax, asay, asaz = 1, 22, -97, -217, 0, 2198, 2787, 12227, 17, 17, 13
05-21 10:42:43.265 412-15086/? D/AKMD2: GetMagneticVector: ST1, HXH&HXL, HYH&HYL, HZH&HZL, ST2, hdata[0].u.x, hdata[0].u.y, hdata[0].u.z, asax, asay, asaz = 1, 22, -99, -216, 0, 2198, 2764, 12238, 17, 17, 13
05-21 10:42:43.272 384-384/? D/PSD: set_ps_threshold: low_threshold 133 high_threshold 153 ps_average 73 algo_state 1
05-21 10:42:43.331 412-15086/? D/AKMD2: GetMagneticVector: ST1, HXH&HXL, HYH&HYL, HZH&HZL, ST2, hdata[0].u.x, hdata[0].u.y, hdata[0].u.z, asax, asay, asaz = 1, 23, -99, -217, 0, 2209, 2764, 12227, 17, 17, 13
05-21 10:42:43.398 412-15086/? D/AKMD2: GetMagneticVector: ST1, HXH&HXL, HYH&HYL, HZH&HZL, ST2, hdata[0].u.x, hdata[0].u.y, hdata[0].u.z, asax, asay, asaz = 1, 23, -99, -217, 0, 2209, 2764, 12227, 17, 17, 13
05-21 10:42:43.423 925-947/? E/LIGHT: AmbiLightSensor: get als value 362
05-21 10:42:43.423 925-947/? E/LIGHT: AmbiLightSensor: report als event
05-21 10:42:43.423 925-947/? E/PROXIMITY: ProximitySensor: unknown event (type=3, code=0)
05-21 10:42:43.423 925-947/? E/PROXIMITY: ProximitySensor: invalid EV_SYN
05-21 10:42:43.463 412-15086/? D/AKMD2: GetMagneticVector: ST1, HXH&HXL, HYH&HYL, HZH&HZL, ST2, hdata[0].u.x, hdata[0].u.y, hdata[0].u.z, asax, asay, asaz = 1, 22, -99, -217, 0, 2198, 2764, 12227, 17, 17, 13
05-21 10:42:43.469 384-384/? D/PSD: Prox is far ps 80 als 360 highlight  0 crosstalk 72
05-21 10:42:43.524 16352-16352/? I/AEE/AED: Tombstone written to: /data/tombstones/tombstone_00
05-21 10:42:43.525 16352-16352/? E/AEE/AED: request.action: 0
05-21 10:42:43.525 16352-16352/? V/AEE/AED: dashboard_record_update() : rec->module = package.name 
05-21 10:42:43.525 16352-16352/? D/AEE/AED: Skip duplicated exception ! 
05-21 10:42:43.525 16352-16352/? D/AEE/AED: Exception Class: 3 
05-21 10:42:43.525 16352-16352/? D/AEE/AED: Module: package.name 
05-21 10:42:43.525 16352-16352/? D/AEE/AED: Count: 16 
05-21 10:42:43.525 16352-16352/? D/AEE/AED: Last exception time: 1558406540 
     
05-21 10:42:43.525 16352-16352/? V/aee/ne_session: aed_ne_session() - skipped 
05-21 10:42:43.525 925-951/? I/BootReceiver: Copying /data/tombstones/tombstone_00 to DropBox (SYSTEM_TOMBSTONE)
05-21 10:42:43.527 363-363/? D/AEE/AED: $===AEE===AEE===AEE===$
05-21 10:42:43.527 363-363/? D/AEE/AED: p 0 poll events 1 revents 0
05-21 10:42:43.527 363-363/? D/AEE/AED: not know revents:0
05-21 10:42:43.527 363-363/? D/AEE/AED: p 1 poll events 1 revents 0
05-21 10:42:43.527 363-363/? D/AEE/AED: not know revents:0
05-21 10:42:43.527 363-363/? D/AEE/AED: p 2 poll events 1 revents 0
05-21 10:42:43.527 363-363/? D/AEE/AED: not know revents:0
05-21 10:42:43.527 363-363/? D/AEE/AED: p 3 poll events 1 revents 0
05-21 10:42:43.527 363-363/? D/AEE/AED: not know revents:0
05-21 10:42:43.531 412-15086/? D/AKMD2: GetMagneticVector: ST1, HXH&HXL, HYH&HYL, HZH&HZL, ST2, hdata[0].u.x, hdata[0].u.y, hdata[0].u.z, asax, asay, asaz = 1, 21, -97, -217, 0, 2186, 2787, 12227, 17, 17, 13
05-21 10:42:43.532 925-16353/? W/ActivityManager:   Force finishing activity 1 package.name/package.namelibrary.base.NoticeWebActivity
05-21 10:42:43.534 925-16354/? D/DropBoxManagerService: file :: /data/system/dropbox/data_app_native_crash@1558406563533.txt
05-21 10:42:43.534 925-16354/? W/AES: Exception Log handling...
05-21 10:42:43.540 925-16354/? D/AES: ExceptionLog: notify aed
05-21 10:42:43.540 925-16354/? D/AES:     process : package.name
05-21 10:42:43.540 925-16354/? D/AES:      module : package.name v1 (1.0.0)
05-21 10:42:43.540 925-16354/? D/AES:       cause : data_app_native_crash
05-21 10:42:43.540 925-16354/? D/AES:       pid : 16219
05-21 10:42:43.540 925-16354/? W/AES: native_crash should be processed by aee already
05-21 10:42:43.542 2570-3889/? D/ErrorSaveTask: mRunningTaskList.size =0
05-21 10:42:43.560 925-951/? D/DropBoxManagerService: file :: /data/system/dropbox/SYSTEM_TOMBSTONE@1558406563559.txt.gz
05-21 10:42:43.566 2570-3889/? D/ErrorSaveTask: verifyError()--occurTime: 1558406563533
05-21 10:42:43.566 925-965/? V/ActivityManager: getContentProviderImpl: can't get cpi from packagemanager
05-21 10:42:43.573 2570-3889/? E/ActivityThread: Failed to find provider info for com.nearme.feedbackservice.provider.data
05-21 10:42:43.573 2570-3889/? E/ErrorSaveTask: Cursor is null!
05-21 10:42:43.573 2570-3889/? D/ErrorSaveTask: verifyError(): return true
05-21 10:42:43.574 2570-3889/? D/ErrorSaveTask: isHasRootPermission: device has root permission :0
05-21 10:42:43.574 2570-3889/? D/ErrorSaveTask: onCommon()-- Feedback channel: {category=2, app_is_inner=0, is_root=0, sub_category=2, exp_key=pid: 16219, tid: 16219, name: app.package.name  >>> package.name <<<
    signal 6 (SIGABRT), code -6 (SI_TKILL), fault addr --------
    Abort message: '[FATAL:jni_android.cc(295)] Check failed: false. Please include Java exception stack in crash report
    '
        x0   0000000000000000  x1   0000000000003f5b  x2   0000000000000006  x3   0000007f995abe30
        x4   0000007f995abe30  x5   0000000000000005  x6   0000000000000001  x7   0000000000000020
        x8   0000000000000083  x9   000000000000000a  x10  0000000000000009  x11  0000000000000001
        x12  0000000000000001  x13  20657361656c5020  x14  206564756c636e69  x15  0000007f993585a8
        x16  0000007f9934a5f8  x17  0000007f992e905c  x18  0000000000000000  x19  0000007f995abe30
        x20  0000007f995ac0e8  x21  0000007f99350000  x22  000000000000000b  x23  0000000000000006
        x24  0000007fcdbc8c90  x25  0000007fcdbc8ca0  x26  0000007fcdbc8c50  x27  0000007f82dff430
        x28  0000000000100021  x29  0000007fcdbc8640  x30  0000007f992a93c0
        sp   0000007fcdbc8640  pc   0000007f992e9064  pstate 0000000060000000
    
    backtrace:
        #00 pc 0000000000060064  /system/lib64/libc.so (tgkill+8)
        #01 pc 00000000000203bc  /system/lib64/libc.so (pthread_kill+160)
        #02 pc 00000000000218f0  /system/lib64/libc.so (raise+28)
        #03 pc 000000000001b1fc  /system/lib64/libc.so (abort+60)
        #04 pc 00000000006c2cc4  /system/app/WebViewGoogle/lib/arm64/libwebviewchromium.so, app_pack=package.name, client_time=2019-05-21 10:42:43}
05-21 10:42:43.574 2570-3889/? D/ErrorSaveTask: mRunningTaskList.size =0
05-21 10:42:43.596 412-15086/? D/AKMD2: GetMagneticVector: ST1, HXH&HXL, HYH&HYL, HZH&HZL, ST2, hdata[0].u.x, hdata[0].u.y, hdata[0].u.z, asax, asay, asaz = 1, 23, -99, -216, 0, 2209, 2764, 12238, 17, 17, 13
05-21 10:42:43.624 925-925/? E/JavaBinder: !!! FAILED BINDER TRANSACTION !!!
05-21 10:42:43.662 412-15086/? D/AKMD2: GetMagneticVector: ST1, HXH&HXL, HYH&HYL, HZH&HZL, ST2, hdata[0].u.x, hdata[0].u.y, hdata[0].u.z, asax, asay, asaz = 1, 23, -100, -217, 0, 2209, 2753, 12227, 17, 17, 13
05-21 10:42:43.667 384-384/? D/PSD: set_ps_threshold: low_threshold 137 high_threshold 157 ps_average 77 algo_state 1
05-21 10:42:43.687 925-950/? I/WindowState: WIN DEATH: Window{3f2020f1 u0 package.name/package.namelibrary.base.NoticeWebActivity}
05-21 10:42:43.688 323-359/? I/SurfaceFlinger: EventThread Client Pid (16219) disconnected by (323)
05-21 10:42:43.688 925-950/? V/WindowManager: Changing focus from Window{3f2020f1 u0 package.name/package.namelibrary.base.NoticeWebActivity EXITING} to null Callers=com.android.server.wm.WindowManagerService.removeWindowLocked:3267 com.android.server.wm.WindowState$DeathRecipient.binderDied:1175 android.os.BinderProxy.sendDeathNotice:559 <bottom of call stack> 
05-21 10:42:43.688 323-359/? I/SurfaceFlinger: EventThread Client Pid (16219) disconnected by (323)
05-21 10:42:43.689 925-1117/? D/WifiService: Client connection lost with reason: 4
05-21 10:42:43.689 391-14535/? D/GuiExt: [GuiExtS] binder of dump tunnel(RB-0x7f886b6470) died
05-21 10:42:43.690 925-1101/? W/InputDispatcher: channel '1d30346f package.name/com.package.view.BulletinListActivity (server)' ~ Consumer closed input channel or an error occurred.  events=0x9
05-21 10:42:43.690 925-1101/? E/InputDispatcher: channel '1d30346f package.name/com.package.view.BulletinListActivity (server)' ~ Channel is unrecoverably broken and will be disposed!
05-21 10:42:43.691 925-944/? I/WindowState: WIN DEATH: Window{3c00fd29 u0 PopupWindow:3e99b3f}
05-21 10:42:43.691 15275-15275/? W/ADB_SERVICES: terminating JDWP 16219 connection: Try again
05-21 10:42:43.694 925-973/? I/WindowState: WIN DEATH: Window{e80964f u0 PopupWindow:6f42f6a}
05-21 10:42:43.698 925-975/? I/WindowState: WIN DEATH: Window{1d30346f u0 package.name/com.package.view.BulletinListActivity}
05-21 10:42:43.698 925-975/? W/InputDispatcher: Attempted to unregister already unregistered input channel '1d30346f package.name/com.package.view.BulletinListActivity (server)'
05-21 10:42:43.700 925-962/? I/WindowManager: Losing focus: Window{3f2020f1 u0 package.name/package.namelibrary.base.NoticeWebActivity EXITING}
05-21 10:42:43.711 393-393/? I/Zygote: boot art image file is OK.
05-21 10:42:43.711 393-393/? I/Zygote: Process 16219 exited due to signal (6)
05-21 10:42:43.717 925-967/? I/ActivityManager: Process package.name (pid 16219) has died
05-21 10:42:43.718 925-967/? W/ContextImpl: Calling a method in the system process without a qualified user: android.app.ContextImpl.sendBroadcast:1539 com.android.server.am.OppoExtraActivityManagerService.setKeyLockModeNormal:47 com.android.server.am.ActivityManagerService.appDiedLocked:6507 com.android.server.am.ActivityManagerService$AppDeathRecipient.binderDied:1452 android.os.BinderProxy.sendDeathNotice:559 
05-21 10:42:43.718 925-967/? D/ActivityManager: SVC-handleAppDiedLocked: app = ProcessRecord{1d0342e5 16219:package.name/u0a410}, app.pid = 16219
05-21 10:42:43.718 925-967/? D/ActivityManager: removeDyingProviderLocked: cpr=ContentProviderRecord{3ae371ba u0 package.name/androidx.core.content.FileProvider} always=false inLaunching=false
05-21 10:42:43.718 925-967/? D/ActivityManager: removeDyingProviderLocked: cpr=ContentProviderRecord{f5a486b u0 package.name/com.luck.picture.lib.PictureFileProvider} always=false inLaunching=false
05-21 10:42:43.718 925-967/? D/ActivityManager: removeDyingProviderLocked: cpr=ContentProviderRecord{39439fc8 u0 package.name/me.jessyan.autosize.InitProvider} always=false inLaunching=false
05-21 10:42:43.718 925-967/? D/ActivityManager: removeDyingProviderLocked: cpr=ContentProviderRecord{192a2861 u0 package.name/androidx.lifecycle.ProcessLifecycleOwnerInitializer} always=false inLaunching=false
05-21 10:42:43.718 925-967/? D/ActivityManager: removeDyingProviderLocked: cpr=ContentProviderRecord{2b46ef86 u0 package.name/com.tencent.stat.SmartProvider} always=false inLaunching=false
05-21 10:42:43.718 925-967/? D/ActivityManager: removeDyingProviderLocked: cpr=ContentProviderRecord{11d30047 u0 package.name/com.tencent.mid.api.MidProvider} always=false inLaunching=false
05-21 10:42:43.719 925-967/? I/PPS: [PPSNotifyAppState] nPackNum:1, pack:package.name, com:(null), state:3, pid:0, last_boost_tid:-1
05-21 10:42:43.719 925-953/? V/NetworkStats: setKernelCounterSet uid=10410 set=0
05-21 10:42:43.719 925-1111/? D/ConnectivityService: onUidRulesChanged(uid=10410, uidRules=0)
05-21 10:42:43.721 925-1133/? I/libPerfService: 1: set freq: 1001000, 1508000
05-21 10:42:43.721 925-967/? W/ContextImpl: Calling a method in the system process without a qualified user: android.app.ContextImpl.sendBroadcast:1539 com.android.server.am.OppoProtectEyeManagerService.sendProtectEyeBroadcast:170 com.android.server.am.OppoProtectEyeManagerService.handleProtectEyeMode:154 com.android.server.am.ActivityStack.resumeTopActivityInnerLocked:2279 com.android.server.am.ActivityStack.resumeTopActivityLocked:1835 
05-21 10:42:43.721 925-1133/? I/libPerfService: 1: set: 4, 4
05-21 10:42:43.721 925-1133/? I/libPerfService: 1: set vcore level: 3
05-21 10:42:43.727 925-962/? D/ViewRootImpl: hardware acceleration is disabled, fakeHwAccelerated = true, HardwareRenderer.sRendererDisabled = false, forceHwAccelerated = false, HardwareRenderer.sSystemRendererDisabled = false, this = ViewRoot{35a3af55 Starting package.name,ident = 63}
05-21 10:42:43.728 925-962/? V/WindowManager: Adding window Window{2942225b u0 Starting package.name} at 6 of 12 (before Window{3f2020f1 u0 package.name/package.namelibrary.base.NoticeWebActivity EXITING})
05-21 10:42:43.728 412-15086/? D/AKMD2: GetMagneticVector: ST1, HXH&HXL, HYH&HYL, HZH&HZL, ST2, hdata[0].u.x, hdata[0].u.y, hdata[0].u.z, asax, asay, asaz = 1, 22, -97, -218, 0, 2198, 2787, 12216, 17, 17, 13
05-21 10:42:43.746 16355-16355/? I/art: Late-enabling -Xcheck:jni
05-21 10:42:43.751 925-967/? I/ActivityManager: Start proc 16355:package.name/u0a410 for activity package.name/com.package.view.BulletinListActivity
05-21 10:42:43.752 925-953/? D/usage_raw_part: write content:current_data_size = 1023
05-21 10:42:43.752 925-953/? D/usage_raw_part: write content:dataContentBuffer = package.name|2019-05-21 10:42:43
05-21 10:42:43.752 925-953/? D/usage_raw_part: write content:current_item_index = 270
05-21 10:42:43.752 925-953/? D/usage_raw_part: write content:maxItemSize = 1023
05-21 10:42:43.752 925-953/? D/usage_raw_part: write content in replace mode, current index:270
05-21 10:42:43.752 925-953/? D/usage_raw_part: write content in replace mode, save item content res:39
05-21 10:42:43.752 925-953/? D/usage_raw_part: write content in replace mode, save new item index res:32
05-21 10:42:43.754 925-925/? I/OppoPhoneWindowManager: KeyLockModeReceiver KeyLockMode: 0 ProcessName: package.name
05-21 10:42:43.754 925-953/? D/OppoUsageService: writeHistoryRecord[AppUsage], saveRes = 1
05-21 10:42:43.780 925-2042/? I/libPerfService: perfSetFavorPid - pid:16355, 3fe3
05-21 10:42:43.784 925-2042/? I/PPS: [PPSNotifyAppState] nPackNum:1, pack:package.name, com:com.package.view.BulletinListActivity, state:1, pid:0, last_boost_tid:-1
05-21 10:42:43.789 925-953/? V/NetworkStats: setKernelCounterSet uid=10410 set=1
05-21 10:42:43.789 925-1111/? D/ConnectivityService: onUidRulesChanged(uid=10410, uidRules=0)
05-21 10:42:43.793 925-962/? D/Surface: Surface::connect(this=0x7f69cb6800,api=2)
05-21 10:42:43.794 412-15086/? D/AKMD2: GetMagneticVector: ST1, HXH&HXL, HYH&HYL, HZH&HZL, ST2, hdata[0].u.x, hdata[0].u.y, hdata[0].u.z, asax, asay, asaz = 1, 24, -97, -216, 0, 2220, 2787, 12238, 17, 17, 13
05-21 10:42:43.807 925-1113/? I/WifiStateMachine: fetchRssiLinkSpeedAndFrequencyNative, newRssi:-57, newLinkSpeed:65, SSID:"wifi_2.4G"
05-21 10:42:43.811 925-962/? D/WindowManager: notifyActivityDrawnForKeyguard: waiting=false Callers=com.android.server.wm.WindowManagerService.handleAppTransitionReadyLocked:10735 com.android.server.wm.WindowManagerService.performLayoutAndPlaceSurfacesLockedInner:11369 com.android.server.wm.WindowManagerService.performLayoutAndPlaceSurfacesLockedLoop:10104 com.android.server.wm.WindowManagerService.performLayoutAndPlaceSurfacesLocked:10046 com.android.server.wm.WindowManagerService.access$900:220 
05-21 10:42:43.824 323-1181/? I/SurfaceFlinger: [SF client] DEL(0x7f89c1d600) for (925:system_server)
05-21 10:42:43.824 323-1181/? D/SurfaceFlinger:     remove: package.name/package.namelibrary.base.NoticeWebActivity
05-21 10:42:43.846 16355-16355/package.name I/MultiDex: VM with version 2.1.0 has multidex support
05-21 10:42:43.847 16355-16355/package.name I/MultiDex: Installing application
05-21 10:42:43.847 16355-16355/package.name I/MultiDex: VM has multidex support, MultiDex support library is disabled.
05-21 10:42:43.847 16355-16355/package.name I/MultiDex: Installing application
05-21 10:42:43.847 16355-16355/package.name I/MultiDex: VM has multidex support, MultiDex support library is disabled.
05-21 10:42:43.851 16355-16355/package.name W/linker: /data/app/package.name-2/lib/arm64/libBaiduMapSDK_base_v5_2_1.so: unused DT entry: type 0x6ffffffe arg 0x12a50
05-21 10:42:43.851 16355-16355/package.name W/linker: /data/app/package.name-2/lib/arm64/libBaiduMapSDK_base_v5_2_1.so: unused DT entry: type 0x6fffffff arg 0x3
05-21 10:42:43.860 1502-1502/? D/BluetoothAdapter: 484843927: getState() :  mService = null. Returning STATE_OFF
05-21 10:42:43.861 1502-1502/? D/BluetoothAdapter: 484843927: getState() :  mService = null. Returning STATE_OFF
05-21 10:42:43.861 412-15086/? D/AKMD2: GetMagneticVector: ST1, HXH&HXL, HYH&HYL, HZH&HZL, ST2, hdata[0].u.x, hdata[0].u.y, hdata[0].u.z, asax, asay, asaz = 1, 23, -95, -216, 0, 2209, 2809, 12238, 17, 17, 13
05-21 10:42:43.864 16355-16355/package.name D/ActivityThread: hoder:android.app.IActivityManager$ContentProviderHolder@18504c47,provider,holder.Provider:android.content.ContentProviderProxy@17584c74
05-21 10:42:43.864 1502-1502/? V/NFC: this device does not have NFC support
05-21 10:42:43.881 16355-16355/package.name D/OpenSSLLib: OpensslErr:Module:13(114:155); file:external/openssl/crypto/asn1/asn1_lib.c ;Line:145;Function:ASN1_get_object
05-21 10:42:43.883 16355-16355/package.name D/OpenSSLLib: OpensslErr:Module:13(114:155); file:external/openssl/crypto/asn1/asn1_lib.c ;Line:145;Function:ASN1_get_object
05-21 10:42:43.888 16355-16355/package.name I/BaiduApiAuth: BaiduApiAuth SDK Version:1.0.22
05-21 10:42:43.894 16355-16355/package.name D/OpenSSLLib: OpensslErr:Module:13(114:155); file:external/openssl/crypto/asn1/asn1_lib.c ;Line:145;Function:ASN1_get_object
05-21 10:42:43.896 16355-16355/package.name D/phoneInfo: mAppSysOSAPI not null
05-21 10:42:43.896 16355-16355/package.name D/phoneInfo: Bundle[{screen_x=720, screen_y=1280, mb=OPPO A59m, os=Android22, sv=5.2.1, cpu=, glr=, glv=, net=0, pcn=package.name, cuid=, dpi_x=320, dpi_y=320, resid=02, channel=baidu, signature=[B@15f8158}]
05-21 10:42:43.902 16355-16355/package.name D/ActivityThread: installProvider: context.getPackageName()=package.name
05-21 10:42:43.906 16355-16355/package.name D/ActivityThread: installProvider: context.getPackageName()=package.name
05-21 10:42:43.923 16355-16355/package.name W/System.err: java.io.FileNotFoundException: MTA_SMART_MODULE
05-21 10:42:43.924 16355-16355/package.name W/System.err:     at android.content.res.AssetManager.openAsset(Native Method)
05-21 10:42:43.924 16355-16355/package.name W/System.err:     at android.content.res.AssetManager.open(AssetManager.java:359)
05-21 10:42:43.924 16355-16355/package.name W/System.err:     at android.content.res.AssetManager.open(AssetManager.java:333)
05-21 10:42:43.924 16355-16355/package.name W/System.err:     at com.tencent.stat.c.e(SourceFile:116)
05-21 10:42:43.924 16355-16355/package.name W/System.err:     at com.tencent.stat.c.b(SourceFile:76)
05-21 10:42:43.924 16355-16355/package.name W/System.err:     at com.tencent.stat.c.a(SourceFile:66)
05-21 10:42:43.924 16355-16355/package.name W/System.err:     at com.tencent.stat.c.d(SourceFile:220)
05-21 10:42:43.924 16355-16355/package.name W/System.err:     at com.tencent.stat.c.a(SourceFile:38)
05-21 10:42:43.924 16355-16355/package.name W/System.err:     at com.tencent.stat.SmartProvider.onCreate(SourceFile:16)
05-21 10:42:43.924 16355-16355/package.name W/System.err:     at android.content.ContentProvider.attachInfo(ContentProvider.java:1782)
05-21 10:42:43.924 16355-16355/package.name W/System.err:     at android.content.ContentProvider.attachInfo(ContentProvider.java:1757)
05-21 10:42:43.924 16355-16355/package.name W/System.err:     at android.app.ActivityThread.installProvider(ActivityThread.java:5618)
05-21 10:42:43.924 16355-16355/package.name W/System.err:     at android.app.ActivityThread.installContentProviders(ActivityThread.java:5145)
05-21 10:42:43.924 16355-16355/package.name W/System.err:     at android.app.ActivityThread.handleBindApplication(ActivityThread.java:5065)
05-21 10:42:43.924 16355-16355/package.name W/System.err:     at android.app.ActivityThread.access$1700(ActivityThread.java:197)
05-21 10:42:43.924 16355-16355/package.name W/System.err:     at android.app.ActivityThread$H.handleMessage(ActivityThread.java:1672)
05-21 10:42:43.924 16355-16355/package.name W/System.err:     at android.os.Handler.dispatchMessage(Handler.java:111)
05-21 10:42:43.924 16355-16355/package.name W/System.err:     at android.os.Looper.loop(Looper.java:224)
05-21 10:42:43.924 16355-16355/package.name W/System.err:     at android.app.ActivityThread.main(ActivityThread.java:5958)
05-21 10:42:43.924 16355-16355/package.name W/System.err:     at java.lang.reflect.Method.invoke(Native Method)
05-21 10:42:43.924 16355-16355/package.name W/System.err:     at java.lang.reflect.Method.invoke(Method.java:372)
05-21 10:42:43.924 16355-16355/package.name W/System.err:     at com.android.internal.os.ZygoteInit$MethodAndArgsCaller.run(ZygoteInit.java:1113)
05-21 10:42:43.924 16355-16355/package.name W/System.err:     at com.android.internal.os.ZygoteInit.main(ZygoteInit.java:879)
05-21 10:42:43.925 925-947/? E/LIGHT: AmbiLightSensor: get als value 355
05-21 10:42:43.926 925-947/? E/LIGHT: AmbiLightSensor: report als event
05-21 10:42:43.926 925-947/? E/PROXIMITY: ProximitySensor: unknown event (type=3, code=0)
05-21 10:42:43.926 925-947/? E/PROXIMITY: ProximitySensor: invalid EV_SYN
05-21 10:42:43.928 412-15086/? D/AKMD2: GetMagneticVector: ST1, HXH&HXL, HYH&HYL, HZH&HZL, ST2, hdata[0].u.x, hdata[0].u.y, hdata[0].u.z, asax, asay, asaz = 1, 22, -97, -217, 0, 2198, 2787, 12227, 17, 17, 13
05-21 10:42:43.928 14609-14627/? I/art: Background sticky concurrent mark sweep GC freed 135775(9MB) AllocSpace objects, 0(0B) LOS objects, 18% free, 35MB/43MB, paused 2.137ms total 194.744ms
05-21 10:42:43.934 16355-16355/package.name I/MtaSDK: Smart Provider is in use.
05-21 10:42:43.949 16355-16355/package.name D/ActivityThread: installProvider: context.getPackageName()=package.name
05-21 10:42:43.954 16355-16355/package.name D/ActivityThread: installProvider: context.getPackageName()=package.name
05-21 10:42:43.959 16355-16355/package.name D/AndroidAutoSize: designWidthInDp = 0, designHeightInDp = 0, screenWidth = 720, screenHeight = 1280
05-21 10:42:43.959 16355-16355/package.name D/AndroidAutoSize: initDensity = 2.0, initScaledDensity = 2.0
05-21 10:42:43.961 16355-16355/package.name D/ActivityThread: installProvider: context.getPackageName()=package.name
05-21 10:42:43.964 16355-16355/package.name D/ActivityThread: installProvider: context.getPackageName()=package.name
05-21 10:42:43.971 16355-16355/package.name W/System.err: java.lang.NoSuchFieldException: mHiddenApiWarningShown
05-21 10:42:43.971 16355-16355/package.name W/System.err:     at java.lang.Class.getDeclaredField(Class.java:890)
05-21 10:42:43.971 16355-16355/package.name W/System.err:     at package.name.AppApplication.closeAndroidPDialog(AppApplication.kt:25)
05-21 10:42:43.971 16355-16355/package.name W/System.err:     at package.name.AppApplication.init(AppApplication.kt:8)
05-21 10:42:43.971 16355-16355/package.name W/System.err:     at package.namelibrary.base.BaseApplication.onCreate(BaseApplication.kt:39)
05-21 10:42:43.971 16355-16355/package.name W/System.err:     at android.app.Instrumentation.callApplicationOnCreate(Instrumentation.java:1017)
05-21 10:42:43.971 16355-16355/package.name W/System.err:     at android.app.ActivityThread.handleBindApplication(ActivityThread.java:5084)
05-21 10:42:43.971 16355-16355/package.name W/System.err:     at android.app.ActivityThread.access$1700(ActivityThread.java:197)
05-21 10:42:43.971 16355-16355/package.name W/System.err:     at android.app.ActivityThread$H.handleMessage(ActivityThread.java:1672)
05-21 10:42:43.971 16355-16355/package.name W/System.err:     at android.os.Handler.dispatchMessage(Handler.java:111)
05-21 10:42:43.971 16355-16355/package.name W/System.err:     at android.os.Looper.loop(Looper.java:224)
05-21 10:42:43.971 16355-16355/package.name W/System.err:     at android.app.ActivityThread.main(ActivityThread.java:5958)
05-21 10:42:43.971 16355-16355/package.name W/System.err:     at java.lang.reflect.Method.invoke(Native Method)
05-21 10:42:43.971 16355-16355/package.name W/System.err:     at java.lang.reflect.Method.invoke(Method.java:372)
05-21 10:42:43.971 16355-16355/package.name W/System.err:     at com.android.internal.os.ZygoteInit$MethodAndArgsCaller.run(ZygoteInit.java:1113)
05-21 10:42:43.971 16355-16355/package.name W/System.err:     at com.android.internal.os.ZygoteInit.main(ZygoteInit.java:879)
05-21 10:42:43.974 16355-16355/package.name I/ARouter::: ARouter openLog[ ] 
05-21 10:42:43.974 16355-16355/package.name I/ARouter::: ARouter openDebug[ ] 
05-21 10:42:43.975 16355-16355/package.name I/ARouter::: ARouter init start.[ ] 
05-21 10:42:43.975 16355-16355/package.name I/ARouter::: Run with debug mode or new install, rebuild router map.[ ] 
05-21 10:42:43.977 16355-16355/package.name I/ARouter::: VM with name 'Android' has multidex support
05-21 10:42:43.978 16355-16355/package.name E/ARouter::: InstantRun support error, com.android.tools.fd.runtime.Paths
05-21 10:42:43.978 16355-16355/package.name I/ARouter::: Thread production, name is [ARouter task pool No.1, thread No.1][ ] 
05-21 10:42:43.992 412-15086/? D/AKMD2: GetMagneticVector: ST1, HXH&HXL, HYH&HYL, HZH&HZL, ST2, hdata[0].u.x, hdata[0].u.y, hdata[0].u.z, asax, asay, asaz = 1, 21, -96, -216, 0, 2186, 2798, 12238, 17, 17, 13
05-21 10:42:44.051 16355-16386/package.name I/System.out: this.mCheckHandler:null
05-21 10:42:44.052 16355-16386/package.name I/System.out: [CDS][DNS] getAllByNameImpl netId = 0
05-21 10:42:44.053 361-900/? D/FrameworkListener: dispatchCommand data = (getaddrinfo pingma.qq.com ^ 1024 0 1 0 0)
05-21 10:42:44.052 16355-16386/package.name D/libc-netbsd: [getaddrinfo]: mtk hostname=pingma.qq.com; servname=(null); cache_mode=(null), netid=0; mark=0; app_uid=10410; ai_addrlen=0; ai_canonname=(null); ai_flags=4; ai_family=0
05-21 10:42:44.052 16355-16386/package.name D/libc-netbsd: [getaddrinfo]: mtk hostname=pingma.qq.com; servname=(null); cache_mode=(null), netid=0; mark=0; app_uid=10410; ai_addrlen=0; ai_canonname=(null); ai_flags=1024; ai_family=0
05-21 10:42:44.055 361-16388/? D/libc-netbsd: [getaddrinfo]: mtk hostname=pingma.qq.com; servname=(null); cache_mode=local, netid=125; mark=917629; app_uid=0; ai_addrlen=0; ai_canonname=(null); ai_flags=1024; ai_family=0
05-21 10:42:44.056 361-16388/? D/libc-netbsd: default dns: query_ipv6=0, query_ipv4=1
05-21 10:42:44.056 361-16388/? D/libc-netbsd: res_queryN name = pingma.qq.com succeed
05-21 10:42:44.056 16355-16386/package.name D/libc-netbsd: getaddrinfo: pingma.qq.com get result from proxy >>
05-21 10:42:44.057 16355-16386/package.name I/System.out: openConnection:2
05-21 10:42:44.057 16355-16386/package.name I/System.out: [CDS][DNS] getAllByNameImpl netId = 0
05-21 10:42:44.058 16355-16386/package.name D/libc-netbsd: [getaddrinfo]: mtk hostname=113.96.232.29; servname=(null); cache_mode=(null), netid=0; mark=0; app_uid=10410; ai_addrlen=0; ai_canonname=(null); ai_flags=4; ai_family=0
05-21 10:42:44.058 16355-16386/package.name I/System.out: [socket][0] connection /113.96.232.29:80;LocalPort=49921(10000)
05-21 10:42:44.058 16355-16386/package.name I/System.out: [CDS]connect[/113.96.232.29:80] tm:10
05-21 10:42:44.060 16355-16386/package.name D/Posix: [Posix_connect Debug]Process package.name :80 
05-21 10:42:44.060 412-15086/? D/AKMD2: GetMagneticVector: ST1, HXH&HXL, HYH&HYL, HZH&HZL, ST2, hdata[0].u.x, hdata[0].u.y, hdata[0].u.z, asax, asay, asaz = 1, 20, -95, -219, 0, 2175, 2809, 12205, 17, 17, 13
05-21 10:42:44.064 384-384/? D/PSD: set_ps_threshold: low_threshold 137 high_threshold 157 ps_average 77 algo_state 1
05-21 10:42:44.112 16355-16386/package.name I/System.out: [socket][/192.168.1.75:49921] connected
05-21 10:42:44.113 16355-16386/package.name I/System.out: [CDS]rx timeout:10000
05-21 10:42:44.113 16355-16386/package.name I/System.out: [CDS]SO_SND_TIMEOUT:0
05-21 10:42:44.115 16355-16386/package.name I/System.out: >doSendRequest
05-21 10:42:44.116 16355-16386/package.name I/System.out: <doSendRequest
05-21 10:42:44.124 412-15086/? D/AKMD2: GetMagneticVector: ST1, HXH&HXL, HYH&HYL, HZH&HZL, ST2, hdata[0].u.x, hdata[0].u.y, hdata[0].u.z, asax, asay, asaz = 1, 21, -96, -216, 0, 2186, 2798, 12238, 17, 17, 13
05-21 10:42:44.171 16355-16386/package.name E/MtaSDK: [StatDispatcher(2190): SourceFile:344] - Server response error code:404, error:{"ret":-1, "msg":"invalid appkey"}
05-21 10:42:44.185 16355-16355/package.name D/ARouter::: Filter 41 classes by packageName <com.alibaba.android.arouter.routes>
05-21 10:42:44.190 16355-16355/package.name I/ARouter::: Find router map finished, map size = 41, cost 215 ms.[ ] 
05-21 10:42:44.198 412-15086/? D/AKMD2: GetMagneticVector: ST1, HXH&HXL, HYH&HYL, HZH&HZL, ST2, hdata[0].u.x, hdata[0].u.y, hdata[0].u.z, asax, asay, asaz = 1, 20, -98, -215, 0, 2175, 2775, 12249, 17, 17, 13
05-21 10:42:44.199 16355-16355/package.name I/ARouter::: Load root element finished, cost 9 ms.[ ] 
05-21 10:42:44.199 16355-16355/package.name D/ARouter::: LogisticsCenter has already been loaded, GroupIndex[8], InterceptorIndex[0], ProviderIndex[2][ ] 
05-21 10:42:44.200 16355-16355/package.name I/ARouter::: ARouter init success![ ] 
05-21 10:42:44.201 16355-16355/package.name D/ARouter::: The group [arouter] starts loading, trigger by [/arouter/service/interceptor][ ] 
05-21 10:42:44.201 16355-16355/package.name D/ARouter::: The group [arouter] has already been loaded, trigger by [/arouter/service/interceptor][ ] 
