05-21 10:42:38.727 15275-15275/? W/ADB_SERVICES: read_meminfo() mem_free=52284
05-21 10:42:38.763 15275-15275/? W/ADB_SERVICES: read_meminfo() mem_free=51572
05-21 10:42:38.769 412-15086/? D/AKMD2: GetMagneticVector: ST1, HXH&HXL, HYH&HYL, HZH&HZL, ST2, hdata[0].u.x, hdata[0].u.y, hdata[0].u.z, asax, asay, asaz = 1, 29, -95, -215, 0, 2277, 2809, 12249, 17, 17, 13
05-21 10:42:38.803 925-1113/? I/WifiStateMachine: fetchRssiLinkSpeedAndFrequencyNative, newRssi:-55, newLinkSpeed:65, SSID:"wifi_2.4G"
05-21 10:42:38.834 412-15086/? D/AKMD2: GetMagneticVector: ST1, HXH&HXL, HYH&HYL, HZH&HZL, ST2, hdata[0].u.x, hdata[0].u.y, hdata[0].u.z, asax, asay, asaz = 1, 27, -94, -215, 0, 2254, 2821, 12249, 17, 17, 13
05-21 10:42:38.901 412-15086/? D/AKMD2: GetMagneticVector: ST1, HXH&HXL, HYH&HYL, HZH&HZL, ST2, hdata[0].u.x, hdata[0].u.y, hdata[0].u.z, asax, asay, asaz = 1, 28, -93, -215, 0, 2266, 2832, 12249, 17, 17, 13
05-21 10:42:38.906 925-947/? E/LIGHT: AmbiLightSensor: get als value 292
05-21 10:42:38.906 925-947/? E/LIGHT: AmbiLightSensor: report als event
05-21 10:42:38.906 925-947/? E/PROXIMITY: ProximitySensor: unknown event (type=3, code=0)
05-21 10:42:38.906 925-947/? E/PROXIMITY: ProximitySensor: invalid EV_SYN
05-21 10:42:38.913 384-384/? D/PSD: set_ps_threshold: low_threshold 136 high_threshold 156 ps_average 76 algo_state 1
05-21 10:42:38.966 412-15086/? D/AKMD2: GetMagneticVector: ST1, HXH&HXL, HYH&HYL, HZH&HZL, ST2, hdata[0].u.x, hdata[0].u.y, hdata[0].u.z, asax, asay, asaz = 1, 29, -95, -219, 0, 2277, 2809, 12205, 17, 17, 13
05-21 10:42:39.032 412-15086/? D/AKMD2: GetMagneticVector: ST1, HXH&HXL, HYH&HYL, HZH&HZL, ST2, hdata[0].u.x, hdata[0].u.y, hdata[0].u.z, asax, asay, asaz = 1, 30, -95, -216, 0, 2288, 2809, 12238, 17, 17, 13
05-21 10:42:39.100 412-15086/? D/AKMD2: GetMagneticVector: ST1, HXH&HXL, HYH&HYL, HZH&HZL, ST2, hdata[0].u.x, hdata[0].u.y, hdata[0].u.z, asax, asay, asaz = 1, 27, -97, -217, 0, 2254, 2787, 12227, 17, 17, 13
05-21 10:42:39.105 384-384/? D/PSD: Prox is far ps 76 als 292 highlight  0 crosstalk 72
05-21 10:42:39.164 412-15086/? D/AKMD2: GetMagneticVector: ST1, HXH&HXL, HYH&HYL, HZH&HZL, ST2, hdata[0].u.x, hdata[0].u.y, hdata[0].u.z, asax, asay, asaz = 1, 28, -96, -217, 0, 2266, 2798, 12227, 17, 17, 13
    
    
    --------- beginning of system
05-21 10:42:39.179 925-953/? W/ProcessCpuTracker: Skipping unknown process pid 16347
05-21 10:42:39.180 925-953/? W/ProcessCpuTracker: Skipping unknown process pid 16348
05-21 10:42:39.192 925-953/? V/ProcessCpuTracker: cpu0 time_in_state not exist, read cpu4 time_in_state...
05-21 10:42:39.193 925-953/? V/ProcessCpuTracker: cpu4 time_in_state not exist, is it a BUG??!!
05-21 10:42:39.231 412-15086/? D/AKMD2: GetMagneticVector: ST1, HXH&HXL, HYH&HYL, HZH&HZL, ST2, hdata[0].u.x, hdata[0].u.y, hdata[0].u.z, asax, asay, asaz = 1, 26, -95, -215, 0, 2243, 2809, 12249, 17, 17, 13
05-21 10:42:39.298 412-15086/? D/AKMD2: GetMagneticVector: ST1, HXH&HXL, HYH&HYL, HZH&HZL, ST2, hdata[0].u.x, hdata[0].u.y, hdata[0].u.z, asax, asay, asaz = 1, 26, -94, -218, 0, 2243, 2821, 12216, 17, 17, 13
05-21 10:42:39.303 384-384/? D/PSD: set_ps_threshold: low_threshold 137 high_threshold 157 ps_average 77 algo_state 1
05-21 10:42:39.363 412-15086/? D/AKMD2: GetMagneticVector: ST1, HXH&HXL, HYH&HYL, HZH&HZL, ST2, hdata[0].u.x, hdata[0].u.y, hdata[0].u.z, asax, asay, asaz = 1, 29, -95, -216, 0, 2277, 2809, 12238, 17, 17, 13
05-21 10:42:39.431 412-15086/? D/AKMD2: GetMagneticVector: ST1, HXH&HXL, HYH&HYL, HZH&HZL, ST2, hdata[0].u.x, hdata[0].u.y, hdata[0].u.z, asax, asay, asaz = 1, 30, -94, -217, 0, 2288, 2821, 12227, 17, 17, 13
05-21 10:42:39.496 412-15086/? D/AKMD2: GetMagneticVector: ST1, HXH&HXL, HYH&HYL, HZH&HZL, ST2, hdata[0].u.x, hdata[0].u.y, hdata[0].u.z, asax, asay, asaz = 1, 29, -94, -216, 0, 2277, 2821, 12238, 17, 17, 13
05-21 10:42:39.561 412-15086/? D/AKMD2: GetMagneticVector: ST1, HXH&HXL, HYH&HYL, HZH&HZL, ST2, hdata[0].u.x, hdata[0].u.y, hdata[0].u.z, asax, asay, asaz = 1, 26, -92, -215, 0, 2243, 2843, 12249, 17, 17, 13
05-21 10:42:39.628 412-15086/? D/AKMD2: GetMagneticVector: ST1, HXH&HXL, HYH&HYL, HZH&HZL, ST2, hdata[0].u.x, hdata[0].u.y, hdata[0].u.z, asax, asay, asaz = 1, 29, -95, -217, 0, 2277, 2809, 12227, 17, 17, 13
05-21 10:42:39.694 412-15086/? D/AKMD2: GetMagneticVector: ST1, HXH&HXL, HYH&HYL, HZH&HZL, ST2, hdata[0].u.x, hdata[0].u.y, hdata[0].u.z, asax, asay, asaz = 1, 27, -95, -217, 0, 2254, 2809, 12227, 17, 17, 13
05-21 10:42:39.700 384-384/? D/PSD: set_ps_threshold: low_threshold 136 high_threshold 156 ps_average 76 algo_state 1
05-21 10:42:39.760 412-15086/? D/AKMD2: GetMagneticVector: ST1, HXH&HXL, HYH&HYL, HZH&HZL, ST2, hdata[0].u.x, hdata[0].u.y, hdata[0].u.z, asax, asay, asaz = 1, 30, -95, -214, 0, 2288, 2809, 12260, 17, 17, 13
05-21 10:42:39.810 925-1113/? I/WifiStateMachine: fetchRssiLinkSpeedAndFrequencyNative, newRssi:-55, newLinkSpeed:65, SSID:"wifi_2.4G"
05-21 10:42:39.827 412-15086/? D/AKMD2: GetMagneticVector: ST1, HXH&HXL, HYH&HYL, HZH&HZL, ST2, hdata[0].u.x, hdata[0].u.y, hdata[0].u.z, asax, asay, asaz = 1, 27, -93, -216, 0, 2254, 2832, 12238, 17, 17, 13
05-21 10:42:39.831 384-384/? D/PSD: Prox is far ps 77 als 292 highlight  0 crosstalk 72
05-21 10:42:39.892 412-15086/? D/AKMD2: GetMagneticVector: ST1, HXH&HXL, HYH&HYL, HZH&HZL, ST2, hdata[0].u.x, hdata[0].u.y, hdata[0].u.z, asax, asay, asaz = 1, 30, -96, -218, 0, 2288, 2798, 12216, 17, 17, 13
05-21 10:42:39.914 925-947/? E/LIGHT: AmbiLightSensor: get als value 293
05-21 10:42:39.914 925-947/? E/LIGHT: AmbiLightSensor: report als event
05-21 10:42:39.914 925-947/? E/PROXIMITY: ProximitySensor: unknown event (type=3, code=0)
05-21 10:42:39.914 925-947/? E/PROXIMITY: ProximitySensor: invalid EV_SYN
05-21 10:42:39.960 412-15086/? D/AKMD2: GetMagneticVector: ST1, HXH&HXL, HYH&HYL, HZH&HZL, ST2, hdata[0].u.x, hdata[0].u.y, hdata[0].u.z, asax, asay, asaz = 1, 26, -94, -216, 0, 2243, 2821, 12238, 17, 17, 13
05-21 10:42:40.024 412-15086/? D/AKMD2: GetMagneticVector: ST1, HXH&HXL, HYH&HYL, HZH&HZL, ST2, hdata[0].u.x, hdata[0].u.y, hdata[0].u.z, asax, asay, asaz = 1, 26, -94, -215, 0, 2243, 2821, 12249, 17, 17, 13
05-21 10:42:40.090 412-15086/? D/AKMD2: GetMagneticVector: ST1, HXH&HXL, HYH&HYL, HZH&HZL, ST2, hdata[0].u.x, hdata[0].u.y, hdata[0].u.z, asax, asay, asaz = 1, 28, -92, -215, 0, 2266, 2843, 12249, 17, 17, 13
05-21 10:42:40.095 384-384/? D/PSD: set_ps_threshold: low_threshold 136 high_threshold 156 ps_average 76 algo_state 1
05-21 10:42:40.116 925-925/? D/lights: write_int open fd=347
05-21 10:42:40.156 412-15086/? D/AKMD2: GetMagneticVector: ST1, HXH&HXL, HYH&HYL, HZH&HZL, ST2, hdata[0].u.x, hdata[0].u.y, hdata[0].u.z, asax, asay, asaz = 1, 29, -92, -217, 0, 2277, 2843, 12227, 17, 17, 13
05-21 10:42:40.222 412-15086/? D/AKMD2: GetMagneticVector: ST1, HXH&HXL, HYH&HYL, HZH&HZL, ST2, hdata[0].u.x, hdata[0].u.y, hdata[0].u.z, asax, asay, asaz = 1, 25, -93, -215, 0, 2232, 2832, 12249, 17, 17, 13
05-21 10:42:40.290 412-15086/? D/AKMD2: GetMagneticVector: ST1, HXH&HXL, HYH&HYL, HZH&HZL, ST2, hdata[0].u.x, hdata[0].u.y, hdata[0].u.z, asax, asay, asaz = 1, 23, -94, -217, 0, 2209, 2821, 12227, 17, 17, 13
05-21 10:42:40.359 412-15086/? D/AKMD2: GetMagneticVector: ST1, HXH&HXL, HYH&HYL, HZH&HZL, ST2, hdata[0].u.x, hdata[0].u.y, hdata[0].u.z, asax, asay, asaz = 1, 24, -90, -218, 0, 2220, 2866, 12216, 17, 17, 13
05-21 10:42:40.415 925-947/? E/LIGHT: AmbiLightSensor: get als value 357
05-21 10:42:40.415 925-947/? E/LIGHT: AmbiLightSensor: report als event
05-21 10:42:40.415 925-947/? E/PROXIMITY: ProximitySensor: unknown event (type=3, code=0)
05-21 10:42:40.415 925-947/? E/PROXIMITY: ProximitySensor: invalid EV_SYN
05-21 10:42:40.422 412-15086/? D/AKMD2: GetMagneticVector: ST1, HXH&HXL, HYH&HYL, HZH&HZL, ST2, hdata[0].u.x, hdata[0].u.y, hdata[0].u.z, asax, asay, asaz = 1, 24, -93, -217, 0, 2220, 2832, 12227, 17, 17, 13
05-21 10:42:40.487 412-15086/? D/AKMD2: GetMagneticVector: ST1, HXH&HXL, HYH&HYL, HZH&HZL, ST2, hdata[0].u.x, hdata[0].u.y, hdata[0].u.z, asax, asay, asaz = 1, 19, -91, -217, 0, 2164, 2855, 12227, 17, 17, 13
05-21 10:42:40.494 384-384/? D/PSD: set_ps_threshold: low_threshold 136 high_threshold 156 ps_average 76 algo_state 1
05-21 10:42:40.553 412-15086/? D/AKMD2: GetMagneticVector: ST1, HXH&HXL, HYH&HYL, HZH&HZL, ST2, hdata[0].u.x, hdata[0].u.y, hdata[0].u.z, asax, asay, asaz = 1, 19, -90, -216, 0, 2164, 2866, 12238, 17, 17, 13
05-21 10:42:40.561 384-384/? D/PSD: Prox is far ps 79 als 378 highlight  0 crosstalk 72
05-21 10:42:40.628 412-15086/? D/AKMD2: GetMagneticVector: ST1, HXH&HXL, HYH&HYL, HZH&HZL, ST2, hdata[0].u.x, hdata[0].u.y, hdata[0].u.z, asax, asay, asaz = 1, 17, -95, -214, 0, 2141, 2809, 12260, 17, 17, 13
05-21 10:42:40.685 412-15086/? D/AKMD2: GetMagneticVector: ST1, HXH&HXL, HYH&HYL, HZH&HZL, ST2, hdata[0].u.x, hdata[0].u.y, hdata[0].u.z, asax, asay, asaz = 1, 15, -91, -217, 0, 2118, 2855, 12227, 17, 17, 13
05-21 10:42:40.754 412-15086/? D/AKMD2: GetMagneticVector: ST1, HXH&HXL, HYH&HYL, HZH&HZL, ST2, hdata[0].u.x, hdata[0].u.y, hdata[0].u.z, asax, asay, asaz = 1, 16, -91, -219, 0, 2130, 2855, 12205, 17, 17, 13
05-21 10:42:40.813 925-1113/? I/WifiStateMachine: fetchRssiLinkSpeedAndFrequencyNative, newRssi:-55, newLinkSpeed:65, SSID:"wifi_2.4G"
05-21 10:42:40.820 412-15086/? D/AKMD2: GetMagneticVector: ST1, HXH&HXL, HYH&HYL, HZH&HZL, ST2, hdata[0].u.x, hdata[0].u.y, hdata[0].u.z, asax, asay, asaz = 1, 16, -89, -215, 0, 2130, 2877, 12249, 17, 17, 13
05-21 10:42:40.853 925-1102/? I/PerfService: PerfServiceNative_boostEnableAsync:5
05-21 10:42:40.854 925-1133/? I/libPerfService: 5: set freq: 910000, -1
05-21 10:42:40.855 925-1133/? I/libPerfService: 5: set: 3, -1
05-21 10:42:40.855 925-1101/? D/lights: write_int open fd=347
05-21 10:42:40.886 412-15086/? D/AKMD2: GetMagneticVector: ST1, HXH&HXL, HYH&HYL, HZH&HZL, ST2, hdata[0].u.x, hdata[0].u.y, hdata[0].u.z, asax, asay, asaz = 1, 16, -90, -217, 0, 2130, 2866, 12227, 17, 17, 13
05-21 10:42:40.891 384-384/? D/PSD: set_ps_threshold: low_threshold 137 high_threshold 157 ps_average 77 algo_state 1
05-21 10:42:40.913 925-947/? E/LIGHT: AmbiLightSensor: get als value 391
05-21 10:42:40.913 925-947/? E/LIGHT: AmbiLightSensor: report als event
05-21 10:42:40.913 925-947/? E/PROXIMITY: ProximitySensor: unknown event (type=3, code=0)
05-21 10:42:40.913 925-947/? E/PROXIMITY: ProximitySensor: invalid EV_SYN
05-21 10:42:40.927 925-975/? D/PerfServiceManager: [PerfService] notifyFrameUpdate - bDuringTouchBoost:true 
05-21 10:42:40.951 412-15086/? D/AKMD2: GetMagneticVector: ST1, HXH&HXL, HYH&HYL, HZH&HZL, ST2, hdata[0].u.x, hdata[0].u.y, hdata[0].u.z, asax, asay, asaz = 1, 18, -91, -217, 0, 2152, 2855, 12227, 17, 17, 13
05-21 10:42:41.020 412-15086/? D/AKMD2: GetMagneticVector: ST1, HXH&HXL, HYH&HYL, HZH&HZL, ST2, hdata[0].u.x, hdata[0].u.y, hdata[0].u.z, asax, asay, asaz = 1, 18, -91, -213, 0, 2152, 2855, 12271, 17, 17, 13
05-21 10:42:41.083 412-15086/? D/AKMD2: GetMagneticVector: ST1, HXH&HXL, HYH&HYL, HZH&HZL, ST2, hdata[0].u.x, hdata[0].u.y, hdata[0].u.z, asax, asay, asaz = 1, 16, -90, -216, 0, 2130, 2866, 12238, 17, 17, 13
05-21 10:42:41.151 412-15086/? D/AKMD2: GetMagneticVector: ST1, HXH&HXL, HYH&HYL, HZH&HZL, ST2, hdata[0].u.x, hdata[0].u.y, hdata[0].u.z, asax, asay, asaz = 1, 18, -91, -216, 0, 2152, 2855, 12238, 17, 17, 13
05-21 10:42:41.206 387-387/? I/thermal_src: wake up function 3
05-21 10:42:41.206 387-387/? I/thermal_src: TA_DAEMON_CMD_GET_TPCB cmd=0x5, len=4 PCB=37000
05-21 10:42:41.206 387-387/? I/thermal_src: TA_DAEMON_CMD_SET_TTJ cmd=0x4, len=4 Tj=85000
05-21 10:42:41.215 412-15086/? D/AKMD2: GetMagneticVector: ST1, HXH&HXL, HYH&HYL, HZH&HZL, ST2, hdata[0].u.x, hdata[0].u.y, hdata[0].u.z, asax, asay, asaz = 1, 16, -90, -215, 0, 2130, 2866, 12249, 17, 17, 13
05-21 10:42:41.281 412-15086/? D/AKMD2: GetMagneticVector: ST1, HXH&HXL, HYH&HYL, HZH&HZL, ST2, hdata[0].u.x, hdata[0].u.y, hdata[0].u.z, asax, asay, asaz = 1, 15, -90, -217, 0, 2118, 2866, 12227, 17, 17, 13
05-21 10:42:41.285 384-384/? D/PSD: Prox is far ps 72 als 391 highlight  0 crosstalk 72
05-21 10:42:41.287 384-384/? D/PSD: set_ps_threshold: low_threshold 133 high_threshold 153 ps_average 73 algo_state 1
05-21 10:42:41.347 412-15086/? D/AKMD2: GetMagneticVector: ST1, HXH&HXL, HYH&HYL, HZH&HZL, ST2, hdata[0].u.x, hdata[0].u.y, hdata[0].u.z, asax, asay, asaz = 1, 17, -92, -216, 0, 2141, 2843, 12238, 17, 17, 13
05-21 10:42:41.414 412-15086/? D/AKMD2: GetMagneticVector: ST1, HXH&HXL, HYH&HYL, HZH&HZL, ST2, hdata[0].u.x, hdata[0].u.y, hdata[0].u.z, asax, asay, asaz = 1, 16, -91, -215, 0, 2130, 2855, 12249, 17, 17, 13
05-21 10:42:41.419 925-973/? D/PerfServiceManager: [PerfService] notifyFrameUpdate - bDuringTouchBoost:true 
05-21 10:42:41.480 412-15086/? D/AKMD2: GetMagneticVector: ST1, HXH&HXL, HYH&HYL, HZH&HZL, ST2, hdata[0].u.x, hdata[0].u.y, hdata[0].u.z, asax, asay, asaz = 1, 20, -91, -217, 0, 2175, 2855, 12227, 17, 17, 13
05-21 10:42:41.546 412-15086/? D/AKMD2: GetMagneticVector: ST1, HXH&HXL, HYH&HYL, HZH&HZL, ST2, hdata[0].u.x, hdata[0].u.y, hdata[0].u.z, asax, asay, asaz = 1, 15, -91, -217, 0, 2118, 2855, 12227, 17, 17, 13
05-21 10:42:41.558 925-1113/? I/WifiStateMachine: fetchRssiLinkSpeedAndFrequencyNative, newRssi:-55, newLinkSpeed:65, SSID:"wifi_2.4G"
05-21 10:42:41.612 412-15086/? D/AKMD2: GetMagneticVector: ST1, HXH&HXL, HYH&HYL, HZH&HZL, ST2, hdata[0].u.x, hdata[0].u.y, hdata[0].u.z, asax, asay, asaz = 1, 16, -91, -216, 0, 2130, 2855, 12238, 17, 17, 13


05-21 10:42:41.640 16219-16219/package.name D/PopupWindow: invokePopup: mPopupView = org.chromium.content.browser.input.PopupTouchHandleDrawable{3babbb5e I.ED.... ........ 0,0-0,0}, WindowManager.LayoutParams = WM.LayoutParams{(0,149)(0x0) gr=#800033 sim=#1 ty=1000 fl=#40800208 fmt=-3 surfaceInsets=Rect(0, 0 - 0, 0)}

05-21 10:42:41.643 16219-16219/package.name D/ViewRootImpl: hardware acceleration is enabled, this = ViewRoot{297e7c0c PopupWindow:3e99b3f,ident = 3}

05-21 10:42:41.645 925-30099/? V/WindowManager: Adding window Window{3c00fd29 u0 PopupWindow:3e99b3f} at 8 of 13 (after Window{3f2020f1 u0 package.name/package.namelibrary.base.NoticeWebActivity})

05-21 10:42:41.651 16219-16219/package.name D/PopupWindow: invokePopup: mPopupView = org.chromium.content.browser.input.PopupTouchHandleDrawable{31eea955 I.ED.... ........ 0,0-0,0}, WindowManager.LayoutParams = WM.LayoutParams{(0,149)(0x0) gr=#800033 sim=#1 ty=1000 fl=#40800208 fmt=-3 surfaceInsets=Rect(0, 0 - 0, 0)}

05-21 10:42:41.654 16219-16219/package.name D/ViewRootImpl: hardware acceleration is enabled, this = ViewRoot{3266ac5b PopupWindow:6f42f6a,ident = 4}

05-21 10:42:41.657 925-944/? V/WindowManager: Adding window Window{e80964f u0 PopupWindow:6f42f6a} at 9 of 14 (after Window{3c00fd29 u0 PopupWindow:3e99b3f})

05-21 10:42:41.677 16219-16219/package.name W/ResourceType: No known package when getting value for resource number 0x02090000
05-21 10:42:41.678 412-15086/? D/AKMD2: GetMagneticVector: ST1, HXH&HXL, HYH&HYL, HZH&HZL, ST2, hdata[0].u.x, hdata[0].u.y, hdata[0].u.z, asax, asay, asaz = 1, 16, -90, -218, 0, 2130, 2866, 12216, 17, 17, 13

05-21 10:42:41.678 16219-16219/package.name W/System.err: android.content.res.Resources$NotFoundException: Resource ID #0x2090000
05-21 10:42:41.679 16219-16219/package.name W/System.err:     at android.content.res.Resources.getValue(Resources.java:1566)
05-21 10:42:41.679 16219-16219/package.name W/System.err:     at android.content.res.Resources.loadXmlResourceParser(Resources.java:3147)
05-21 10:42:41.679 16219-16219/package.name W/System.err:     at android.content.res.Resources.getLayout(Resources.java:1322)
05-21 10:42:41.679 16219-16219/package.name W/System.err:     at android.view.MenuInflater.inflate(MenuInflater.java:107)
05-21 10:42:41.679 16219-16219/package.name W/System.err:     at androidx.appcompat.view.SupportMenuInflater.inflate(SupportMenuInflater.java:120)
05-21 10:42:41.679 16219-16219/package.name W/System.err:     at org.chromium.content.browser.SelectActionModeCallback.createActionMenu(SelectActionModeCallback.java:123)
05-21 10:42:41.679 16219-16219/package.name W/System.err:     at org.chromium.content.browser.SelectActionModeCallback.onCreateActionMode(SelectActionModeCallback.java:104)
05-21 10:42:41.680 16219-16219/package.name W/System.err:     at com.android.internal.policy.impl.PhoneWindow$DecorView$ActionModeCallbackWrapper.onCreateActionMode(PhoneWindow.java:3511)
05-21 10:42:41.680 16219-16219/package.name W/System.err:     at androidx.appcompat.view.SupportActionModeWrapper$CallbackWrapper.onCreateActionMode(SupportActionModeWrapper.java:159)
05-21 10:42:41.680 16219-16219/package.name W/System.err:     at androidx.appcompat.app.AppCompatDelegateImpl$ActionModeCallbackWrapperV9.onCreateActionMode(AppCompatDelegateImpl.java:2357)
05-21 10:42:41.680 16219-16219/package.name W/System.err:     at androidx.appcompat.app.AppCompatDelegateImpl.startSupportActionModeFromWindow(AppCompatDelegateImpl.java:1137)
05-21 10:42:41.680 16219-16219/package.name W/System.err:     at androidx.appcompat.app.AppCompatDelegateImpl.startSupportActionMode(AppCompatDelegateImpl.java:1021)
05-21 10:42:41.680 16219-16219/package.name W/System.err:     at androidx.appcompat.app.AppCompatDelegateImpl$AppCompatWindowCallback.startAsSupportActionMode(AppCompatDelegateImpl.java:2821)
05-21 10:42:41.680 16219-16219/package.name W/System.err:     at androidx.appcompat.app.AppCompatDelegateImpl$AppCompatWindowCallback.onWindowStartingActionMode(AppCompatDelegateImpl.java:2803)
05-21 10:42:41.680 16219-16219/package.name W/System.err:     at androidx.appcompat.view.WindowCallbackWrapper.onWindowStartingActionMode(WindowCallbackWrapper.java:155)
05-21 10:42:41.680 16219-16219/package.name W/System.err:     at com.android.internal.policy.impl.PhoneWindow$DecorView.startActionMode(PhoneWindow.java:2896)
05-21 10:42:41.680 16219-16219/package.name W/System.err:     at com.android.internal.policy.impl.PhoneWindow$DecorView.startActionModeForChild(PhoneWindow.java:2879)
05-21 10:42:41.680 16219-16219/package.name W/System.err:     at android.view.ViewGroup.startActionModeForChild(ViewGroup.java:732)
05-21 10:42:41.680 16219-16219/package.name W/System.err:     at android.view.ViewGroup.startActionModeForChild(ViewGroup.java:732)
05-21 10:42:41.680 16219-16219/package.name W/System.err:     at android.view.ViewGroup.startActionModeForChild(ViewGroup.java:732)
05-21 10:42:41.680 16219-16219/package.name W/System.err:     at android.view.ViewGroup.startActionModeForChild(ViewGroup.java:732)
05-21 10:42:41.680 16219-16219/package.name W/System.err:     at android.view.ViewGroup.startActionModeForChild(ViewGroup.java:732)
05-21 10:42:41.680 16219-16219/package.name W/System.err:     at android.view.ViewGroup.startActionModeForChild(ViewGroup.java:732)
05-21 10:42:41.680 16219-16219/package.name W/System.err:     at android.view.ViewGroup.startActionModeForChild(ViewGroup.java:732)
05-21 10:42:41.680 16219-16219/package.name W/System.err:     at android.view.ViewGroup.startActionModeForChild(ViewGroup.java:732)
05-21 10:42:41.680 16219-16219/package.name W/System.err:     at android.view.ViewGroup.startActionModeForChild(ViewGroup.java:732)
05-21 10:42:41.680 16219-16219/package.name W/System.err:     at android.view.View.startActionMode(View.java:4975)
05-21 10:42:41.680 16219-16219/package.name W/System.err:     at org.chromium.content.browser.ContentViewCore.showSelectActionBar(ContentViewCore.java:2149)
05-21 10:42:41.680 16219-16219/package.name W/System.err:     at org.chromium.content.browser.ContentViewCore.onSelectionEvent(ContentViewCore.java:2206)
05-21 10:42:41.680 16219-16219/package.name W/System.err:     at org.chromium.android_webview.AwContents.nativeOnDraw(Native Method)
05-21 10:42:41.680 16219-16219/package.name W/System.err:     at org.chromium.android_webview.AwContents.access$4300(AwContents.java:90)
05-21 10:42:41.680 16219-16219/package.name W/System.err:     at org.chromium.android_webview.AwContents$AwViewMethodsImpl.onDraw(AwContents.java:2663)
05-21 10:42:41.680 16219-16219/package.name W/System.err:     at org.chromium.android_webview.AwContents.onDraw(AwContents.java:1132)
05-21 10:42:41.680 16219-16219/package.name W/System.err:     at com.android.webview.chromium.WebViewChromium.onDraw(WebViewChromium.java:1601)
05-21 10:42:41.680 16219-16219/package.name W/System.err:     at android.webkit.WebView.onDraw(WebView.java:2531)
05-21 10:42:41.680 16219-16219/package.name W/System.err:     at android.view.View.draw(View.java:15526)
05-21 10:42:41.680 16219-16219/package.name W/System.err:     at android.view.View.buildDrawingCacheImpl(View.java:14739)
05-21 10:42:41.680 16219-16219/package.name W/System.err:     at android.view.View.buildDrawingCache(View.java:14594)
05-21 10:42:41.681 16219-16219/package.name W/System.err:     at android.view.View.updateDisplayListIfDirty(View.java:14389)
05-21 10:42:41.681 16219-16219/package.name W/System.err:     at android.view.View.getDisplayList(View.java:14444)
05-21 10:42:41.681 16219-16219/package.name W/System.err:     at android.view.View.draw(View.java:15235)
05-21 10:42:41.681 16219-16219/package.name W/System.err:     at android.view.ViewGroup.drawChild(ViewGroup.java:3548)
05-21 10:42:41.681 16219-16219/package.name W/System.err:     at android.view.ViewGroup.dispatchDraw(ViewGroup.java:3341)
05-21 10:42:41.681 16219-16219/package.name W/System.err:     at android.view.View.updateDisplayListIfDirty(View.java:14407)
05-21 10:42:41.681 16219-16219/package.name W/System.err:     at android.view.View.getDisplayList(View.java:14444)
05-21 10:42:41.681 16219-16219/package.name W/System.err:     at android.view.ViewGroup.recreateChildDisplayList(ViewGroup.java:3532)
05-21 10:42:41.681 16219-16219/package.name W/System.err:     at android.view.ViewGroup.dispatchGetDisplayList(ViewGroup.java:3511)
05-21 10:42:41.681 16219-16219/package.name W/System.err:     at android.view.View.updateDisplayListIfDirty(View.java:14365)
05-21 10:42:41.681 16219-16219/package.name W/System.err:     at android.view.View.getDisplayList(View.java:14444)
05-21 10:42:41.681 16219-16219/package.name W/System.err:     at android.view.ViewGroup.recreateChildDisplayList(ViewGroup.java:3532)
05-21 10:42:41.681 16219-16219/package.name W/System.err:     at android.view.ViewGroup.dispatchGetDisplayList(ViewGroup.java:3511)
05-21 10:42:41.681 16219-16219/package.name W/System.err:     at android.view.View.updateDisplayListIfDirty(View.java:14365)
05-21 10:42:41.681 16219-16219/package.name W/System.err:     at android.view.View.getDisplayList(View.java:14444)
05-21 10:42:41.681 16219-16219/package.name W/System.err:     at android.view.ViewGroup.recreateChildDisplayList(ViewGroup.java:3532)
05-21 10:42:41.681 16219-16219/package.name W/System.err:     at android.view.ViewGroup.dispatchGetDisplayList(ViewGroup.java:3511)
05-21 10:42:41.681 16219-16219/package.name W/System.err:     at android.view.View.updateDisplayListIfDirty(View.java:14365)
05-21 10:42:41.681 16219-16219/package.name W/System.err:     at android.view.View.getDisplayList(View.java:14444)
05-21 10:42:41.681 16219-16219/package.name W/System.err:     at android.view.ViewGroup.recreateChildDisplayList(ViewGroup.java:3532)
05-21 10:42:41.681 16219-16219/package.name W/System.err:     at android.view.ViewGroup.dispatchGetDisplayList(ViewGroup.java:3511)
05-21 10:42:41.681 16219-16219/package.name W/System.err:     at android.view.View.updateDisplayListIfDirty(View.java:14365)
05-21 10:42:41.681 16219-16219/package.name W/System.err:     at android.view.View.getDisplayList(View.java:14444)
05-21 10:42:41.681 16219-16219/package.name W/System.err:     at android.view.ViewGroup.recreateChildDisplayList(ViewGroup.java:3532)
05-21 10:42:41.681 16219-16219/package.name W/System.err:     at android.view.ViewGroup.dispatchGetDisplayList(ViewGroup.java:3511)
05-21 10:42:41.681 16219-16219/package.name W/System.err:     at android.view.View.updateDisplayListIfDirty(View.java:14365)
05-21 10:42:41.681 16219-16219/package.name W/System.err:     at android.view.View.getDisplayList(View.java:14444)
05-21 10:42:41.681 16219-16219/package.name W/System.err:     at android.view.ViewGroup.recreateChildDisplayList(ViewGroup.java:3532)
05-21 10:42:41.681 16219-16219/package.name W/System.err:     at android.view.ViewGroup.dispatchGetDisplayList(ViewGroup.java:3511)
05-21 10:42:41.681 16219-16219/package.name W/System.err:     at android.view.View.updateDisplayListIfDirty(View.java:14365)
05-21 10:42:41.681 16219-16219/package.name W/System.err:     at android.view.View.getDisplayList(View.java:14444)
05-21 10:42:41.681 16219-16219/package.name W/System.err:     at android.view.ViewGroup.recreateChildDisplayList(ViewGroup.java:3532)
05-21 10:42:41.681 16219-16219/package.name W/System.err:     at android.view.ViewGroup.dispatchGetDisplayList(ViewGroup.java:3511)
05-21 10:42:41.681 16219-16219/package.name W/System.err:     at android.view.View.updateDisplayListIfDirty(View.java:14365)
05-21 10:42:41.682 16219-16219/package.name W/System.err:     at android.view.View.getDisplayList(View.java:14444)
05-21 10:42:41.682 16219-16219/package.name W/System.err:     at android.view.ViewGroup.recreateChildDisplayList(ViewGroup.java:3532)
05-21 10:42:41.682 16219-16219/package.name W/System.err:     at android.view.ViewGroup.dispatchGetDisplayList(ViewGroup.java:3511)
05-21 10:42:41.682 16219-16219/package.name W/System.err:     at android.view.View.updateDisplayListIfDirty(View.java:14365)
05-21 10:42:41.682 16219-16219/package.name W/System.err:     at android.view.View.getDisplayList(View.java:14444)
05-21 10:42:41.682 16219-16219/package.name W/System.err:     at android.view.ViewGroup.recreateChildDisplayList(ViewGroup.java:3532)
05-21 10:42:41.682 16219-16219/package.name W/System.err:     at android.view.ViewGroup.dispatchGetDisplayList(ViewGroup.java:3511)
05-21 10:42:41.682 16219-16219/package.name W/System.err:     at android.view.View.updateDisplayListIfDirty(View.java:14365)
05-21 10:42:41.682 16219-16219/package.name W/System.err:     at android.view.View.getDisplayList(View.java:14444)
05-21 10:42:41.682 16219-16219/package.name W/System.err:     at android.view.ThreadedRenderer.updateViewTreeDisplayList(ThreadedRenderer.java:279)
05-21 10:42:41.682 16219-16219/package.name W/System.err:     at android.view.ThreadedRenderer.updateRootDisplayList(ThreadedRenderer.java:285)
05-21 10:42:41.682 16219-16219/package.name W/System.err:     at android.view.ThreadedRenderer.draw(ThreadedRenderer.java:335)
05-21 10:42:41.682 16219-16219/package.name W/System.err:     at android.view.ViewRootImpl.draw(ViewRootImpl.java:3051)
05-21 10:42:41.682 16219-16219/package.name W/System.err:     at android.view.ViewRootImpl.performDraw(ViewRootImpl.java:2864)
05-21 10:42:41.682 16219-16219/package.name W/System.err:     at android.view.ViewRootImpl.performTraversals(ViewRootImpl.java:2448)
05-21 10:42:41.682 16219-16219/package.name W/System.err:     at android.view.ViewRootImpl.doTraversal(ViewRootImpl.java:1351)
05-21 10:42:41.682 16219-16219/package.name W/System.err:     at android.view.ViewRootImpl$TraversalRunnable.run(ViewRootImpl.java:6820)
05-21 10:42:41.682 16219-16219/package.name W/System.err:     at android.view.Choreographer$CallbackRecord.run(Choreographer.java:804)
05-21 10:42:41.682 16219-16219/package.name W/System.err:     at android.view.Choreographer.doCallbacks(Choreographer.java:607)
05-21 10:42:41.682 16219-16219/package.name W/System.err:     at android.view.Choreographer.doFrame(Choreographer.java:576)
05-21 10:42:41.682 16219-16219/package.name W/System.err:     at android.view.Choreographer$FrameDisplayEventReceiver.run(Choreographer.java:790)
05-21 10:42:41.682 16219-16219/package.name W/System.err:     at android.os.Handler.handleCallback(Handler.java:815)
05-21 10:42:41.682 16219-16219/package.name W/System.err:     at android.os.Handler.dispatchMessage(Handler.java:104)
05-21 10:42:41.682 16219-16219/package.name W/System.err:     at android.os.Looper.loop(Looper.java:224)
05-21 10:42:41.682 16219-16219/package.name W/System.err:     at android.app.ActivityThread.main(ActivityThread.java:5958)
05-21 10:42:41.682 16219-16219/package.name W/System.err:     at java.lang.reflect.Method.invoke(Native Method)
05-21 10:42:41.682 16219-16219/package.name W/System.err:     at java.lang.reflect.Method.invoke(Method.java:372)
05-21 10:42:41.682 16219-16219/package.name W/System.err:     at com.android.internal.os.ZygoteInit$MethodAndArgsCaller.run(ZygoteInit.java:1113)
05-21 10:42:41.682 16219-16219/package.name W/System.err:     at com.android.internal.os.ZygoteInit.main(ZygoteInit.java:879)
05-21 10:42:41.688 16219-16219/package.name A/chromium: [FATAL:jni_android.cc(295)] Check failed: false. Please include Java exception stack in crash report

05-21 10:42:41.692 384-384/? D/PSD: set_ps_threshold: low_threshold 135 high_threshold 155 ps_average 75 algo_state 1

05-21 10:42:41.742 16351-16351/? W/google-breakpad: -----BEGIN BREAKPAD MICRODUMP-----
05-21 10:42:41.742 16351-16351/? W/google-breakpad: O A arm64 08 aarch64 3.10.72+ #1 SMP PREEMPT Wed Apr 3 20:52:04 CST 2019
05-21 10:42:41.742 16351-16351/? W/google-breakpad: S 0 0000007FCDBC8640 0000007FCDBC8000 0000000000006000
05-21 10:42:41.744 412-15086/? D/AKMD2: GetMagneticVector: ST1, HXH&HXL, HYH&HYL, HZH&HZL, ST2, hdata[0].u.x, hdata[0].u.y, hdata[0].u.z, asax, asay, asaz = 1, 13, -89, -215, 0, 2096, 2877, 12249, 17, 17, 13
05-21 10:42:41.751 16351-16351/? W/google-breakpad: S 0000007FCDBC8000 9882BCCD7F00000020C34C957F000000F080BCCD7F000000C8F11D957F0000000000C27A0000000000C34C957F00000000A049957F00000000B03F957F00000000000000000000000000000000000000F11C00000000000028263977000000000030FB657F000000E881BCCD7F00000039002000000000000030FB657F000000000000000000000000000000000000009882BCCD7F00000000C34C957F00000000A049957F00000000B03F957F000000000000000000000000000000000000007082BCCD7F0000001C2506957F0000009882BCCD7F00000000C34C957F0000007082BCCD7F000000482506957F0000009882BCCD7F00000000000000000000000100000000000000D0E43E957F0000000030FB657F000000D82406957F000000940306957F0000002826397700000000D886CF71000000002826397700000000D886CF7100000000F089BCCD7F0000007082BCCD7F0000007082BCCD7F0000004082BCCD7F000000E0FFFFFF80FFFFFF9882BCCD7F00000000C34C957F000000
05-21 10:42:41.751 16351-16351/? W/google-breakpad: S 0000007FCDBC8180 0100000000000000D0E43E957F0000007082BCCD7F000000502506957F0000002082BCCD7F000000786D27957F000000B883BCCD7F00000028BBA171000000009801C0657F000000FFFFFFFF7F000000E83E007A7F000000010000007F000000C082BCCD7F00000074CBD3807F000000E80180957F00000000000000000000000000000000000000000000000000000045454545454545454545454545454545424349535A62666D7045760000000000556E6B6E6F776E20636865636B20666F000000000000000000000080020820800000000000000000000000000000000000000000000000000004000000000000C082BCCD7F000000F8CBD3807F000000000000000000000013030000000000002083BCCD7F0000000083BCCD7F0000001083BCCD7F000000908CBCCD7F000000A08CBCCD7F000000508CBCCD7F0000002087BCCD7F000000B0CCD3807F000000B08CBCCD7F0000007087BCCD7F000000B88CBCCD7F000000B0D434997F000000000000000000000078CABD8F7F000000
05-21 10:42:41.752 16351-16351/? W/google-breakpad: S 0000007FCDBC8300 2083BCCD7F000000130300000000000030FFDF827F0000000B000000000000004E616D653A096A6F696E75746563682E64646265730A53746174653A0952202872756E6E696E67290A546769643A0931363231390A5069643A0931363231390A505069643A093339330A5472616365725069643A09300A5569643A0931303431300931303431300931303431300931303431300A4769643A0931303431300931303431300931303431300931303431300A464453697A653A093235360A47726F7570733A0931303135203130323820333030332039393937203530343130200A566D5065616B3A092033323632353238206B420A566D53697A653A092033323538313238206B420A566D4C636B3A092020202020202030206B420A566D50696E3A092020202020202030206B420A566D48574D3A092020313536333638206B420A566D5253533A092020313536313834206B420A566D446174613A092020373634363234206B420A566D53746B3A092020202038313936206B420A566D457865
05-21 10:42:41.753 16351-16351/? W/google-breakpad: S 0000007FCDBC8480 3A092020202020203230206B420A566D4C69623A092020313933373438206B420A566D5054453A092020202031323132206B420A566D537761703A092020203131303830206B420A546872656164733A0938300A536967513A09302F31313039320A536967506E643A09303030303030303030303030303030300A536864506E643A09303030303030303030303030303030300A536967426C6B3A09363630303030303030303030393230340A53696749676E3A09303030303030303030303030303030300A5369674367743A09313830303030303230303030393466390A436170496E683A09303030303030303030303030303030300A43617050726D3A09303030303030303030303030303030300A4361704566663A09303030303030303030303030303030300A436170426E643A09303030303030303030303030303030300A536563636F6D703A09300A437075735F616C6C6F7765643A0966660A434086BCCD7F00000050932A997F0000004086BCCD7F000000B0932A997F000000
05-21 10:42:41.754 16351-16351/? W/google-breakpad: S 0000007FCDBC8600 30BE5A997F000000E8C05A997F000000000035997F0000000B00000000000000060000000000000074636865733A09324086BCCD7F000000B4932A997F0000009086BCCD7F000000F4A82A997F000000F886BCCD7F0000000087BCCD7F000000B88CBCCD7F000000B0D434997F00000000000000000000000087BCCD7F000000B88CBCCD7F0000005B3F000000000000C086BCCD7F00000000422A997F000000F886BCCD7F000000B0D434997F000000C086BCCD7F00000006000000000000002087BCCD7F000000C8CCD3807F000000B08CBCCD7F0000007087BCCD7F000000B88CBCCD7F000000B0D434997F00000000403F837F000000DFFFFFFFFFFFFFFFB88CBCCD7F000000B0D434997F0000003087BCCD7F0000008C3BD5807F0000003087BCCD7F0000006C3DD5807F000000D08BBCCD7F000000B81FD3807F000000B88CBCCD7F000000B08CBCCD7F000000608CBCCD7F000000708CBCCD7F000000808CBCCD7F00000020C34C957F000000908F288E7F0000000000550000004300
05-21 10:42:41.755 16351-16351/? W/google-breakpad: S 0000007FCDBC8780 010000007F0000000000000000000000858F288E7F000000208F288E7F0000000400000000000000099B34957F000000E087BCCD7F000000940011957F000000A088BCCD7F00000048811D957F0000005B464154414C3A6A6E695F616E64726F69642E636328323935295D20436865636B206661696C65643A2066616C73652E20506C6561736520696E636C756465204A61766120657863657074696F6E20737461636B20696E206372617368207265706F72740A00000050023F957F000000290010000000000000B03F957F000000288ABCCD7F0000000100000000000000A08CBCCD7F000000508CBCCD7F00000030F4DF827F0000002900100000000000A08CBCCD7F00000000A034957F000000B089BCCD7F000000D5446B5F42C88674B089BCCD7F000000C43706957F00000000C34C957F00000050023F957F000000290010000000000000B03F957F000000B089BCCD7F000000E03706957F0000004089BCCD7F000000F084DC827F0000001089BCCD7F000000D05EC0807F000000
05-21 10:42:41.757 16351-16351/? W/google-breakpad: S 0000007FCDBC8900 C08CBCCD7F00000035000000000000004089BCCD7F00000094BFC8807F000000C08CBCCD7F000000D98ABCCD7F000000DA8ABCCD7F00000000000000000000009089BCCD7F000000E0C3C8807F000000308ABCCD7F00000003000000000000008076217A7F000000008ABCCD7F000000D78ABCCD7F00000048C3C8807F0000002D89BCCD7F00000038142F997F000000708ABCCD7F000000DCC4C8807F000000388DBCCD7F000000C08CBCCD7F00000001000000000000002701000000000000888BBCCD7F000000908CBCCD7F000000A08CBCCD7F000000508CBCCD7F00000030F4DF827F00000021001000000000000000000000000000608BBCCD7F000000008BBCCD7F0000001442D5807F000000988BBCCD7F000000B08CBCCD7F000000008ABCCD7F000000008ABCCD7F000000508ABCCD7F000000B462C0807F000000A08ABCCD7F0000002CDFDD827F000000B08ABCCD7F00000074DCDD827F0000001800000000000000C0C945837F00000068C945837F000000806E09637F000000
05-21 10:42:41.758 16351-16351/? W/google-breakpad: S 0000007FCDBC8A80 408E288E7F000000908CBCCD7F000000E08ABCCD7F0000008462C0807F000000088DBCCD7F000000A48E288E7F000000B08E288E7F000000B3F4DF827F000000408E288E7F000000A48E288E7F000000B08E288E7F000000B3F4DF827F000000308BBCCD7F0000007C63C0807F000000C08CBCCD7F0000003300000000000000000000000000000080F4DF827F000000808CBCCD7F000000B88CBCCD7F000000B08CBCCD7F0000007000000000000000808BBCCD7F000000D090BF807F000000B88CBCCD7F0000003300000000000000000000000000000080F4DF827F000000808CBCCD7F000000708CBCCD7F000000908BBCCD7F0000009894BF807F000000B88CBCCD7F0000003C94BF807F000000D08BBCCD7F000000B01FD3807F000000B88CBCCD7F000000B08CBCCD7F000000608CBCCD7F000000708CBCCD7F000000B88CBCCD7F0000000101000000000000E08DBCCD7F000000D4AC3D817F00000000C34C957F0000009201000000000000308EBCCD7F0000001D00000000000000
05-21 10:42:41.759 16351-16351/? W/google-breakpad: S 0000007FCDBC8C00 0000000000000000010000000000000000000000000000000000000000000000000000000000000095000000000000002011377A7F000000A8BFFC70000000002890FD7000000000E891FD7000000000000000000000000000C34C957F000000000000000000000000C34C957F000000000000000000000000C34C957F000000000000000000000000C34C957F000000000000000000000000C34C957F000000000000000000000000C34C957F000000030000007F00000098B818837F000000E0B718837F000000000000000000000000000000000000000000000000000000408E288E7F000000A58E288E7F000000A58E288E7F000000B8C845837F000000100000007F000000B08E288E7F0000006E695F616E64726F69642E636328323935295D2000000000A58E288E7F000000408E288E7F000000C0B818837F00000008100000000000000000000000000000000000006F776E2006000000000000000000000000000000B8C845837F00000000000000000000000000000000000000
05-21 10:42:41.760 16351-16351/? W/google-breakpad: S 0000007FCDBC8D80 000000000000000000000000000000000000000000000000000000000000000000000000000000000036227A7F000000208EBCCD7F000000C08CBCCD7F00000000000000000000001C0000000000000088F2DF827F0000002701000000000000408EBCCD7F0000005CD39C827F000000C02E76887F0000000000000000000000E04E187A7F000000108FBCCD7F000000E42E76887F0000005CD39C827F000000C02E76887F00000060010000000000001D0000000000000000C34C957F000000708EBCCD7F000000F8D39C827F000000C02E76887F00000000000000000000000C2F76887F0000009500000000000000908EBCCD7F00000020D79C827F000000C02E76887F000000388FBCCD7F000000D08EBCCD7F00000044115B817F0000000037E3657F00000000E26A887F000000388FBCCD7F000000108FBCCD7F000000C02E76887F000000D7000000B0000000608FBCCD7F000000A4585B817F00000000E26A887F0000000037E3657F000000A090BCCD7F0000000000000000000000
05-21 10:42:41.761 16351-16351/? W/google-breakpad: S 0000007FCDBC8F00 60A7E9120000000000000000000000000000000000004943000016430000494300003043C900000096000000C9000000B0000000010000000100000000005743000016430000574300003043D700000096000000D7000000B000000001040000D08FBCCD7F00000024373E817F000000E0B0DC657F000000E0B0DC657F000000A090BCCD7F000000000000000000000000000000000000000000803F000000000000000000000000000000000000803FD08FBCCD7F00000018373E817F000000E0B0DC657F000000000000000000803F0090BCCD7F000000EC373E817F0000000037E3657F0000000000000000000000000000000000803F0037E3657F0000003090BCCD7F000000E047C0807F00000078E35F887F00000078E35F887F00000000000000000000000037E3657F0000006090BCCD7F00000030C6C1807F000000609707637F000000000000000000000000A049957F00000000F7C6657F000000D0020000000000007C2235657F0000002A000000000000004CC6C1807F000000
05-21 10:42:41.761 16351-16351/? W/google-breakpad: S 0000007FCDBC9080 00A049957F00000000E35F887F000000F490BCCD7F000000B090BCCD7F0000000000000000000000D00200006B040000609707637F000000D00200006B040000950000007F000000D0020000A06D471300050000000000005C1EA67400000000B0366A7788B6BCCD7F0000000200000000BC2B1360A7E9120700000000000000A06D47130000000030976B770000000000BC2B130000000000E35F887F00000060A7E9120000000000000000000000000000000000000000000000000000000000000000000000009500000000000000D0020000000000000CFF34657F00000060226A7700BC2B1300E35F887F00000060A7E9120000000000000000000000000000000095000000D002000000050000000000000000000030976B770000000000BC2B1300000000E07A4C130000000060A7E9120000000000E35F887F00000060A7E9120000000060A7E91200000000A06D471300000000A00B3B13000000000000000000000000D8CB34657F00000030976B777F000000A898107100000000
05-21 10:42:41.762 16351-16351/? W/google-breakpad: S 0000007FCDBC9200 60A7E912000000009023B37600000000E8B2AA7195000000D002000000050000000C471300000000000040000000000060A7E9120000000060A7E912000000008000000000000000000000000000000095000000D002000000050000000000000000000000000000A05F6A7700000000E07A4C1300000000000C47130000000000BC2B130000000060A7E9120000000060A7E9120000000060A7E912000000008000000000000000A00B3B13000000006B04000000000000749635657F000000A05F6A77000000000020344400000000000C47130000000060A7E91200000000201469770000000000BC2B1300000000000C47130000000060A7E9120000000000004000000000001CB433657F0000002014697700000000001843130000000060A7E9120000000000004000000000000100000000000000000C471300000000C022687700000000001843130000000060A7E912000000003002197500000000C022687700000000000040000000000060A7E91200000000E865A77100000000
05-21 10:42:41.763 16351-16351/? W/google-breakpad: S 0000007FCDBC9380 01C004180000000000000000000000000018431300000000D8EC657500000000E865A771000000000000000000000000000000000000000000000000000000004035EA657F00000048B04A997F0000003094BCCD7F00000000005500000000000000550000000000000043000000000000000000000000000894BCCD7F000000D002000000000000D5446B5F42C886740000000000000000B024A674000000004300000046FF44D86A010000100000006B0400000000000000A04995328CA001E8E0A27188B6BCCD7F0000000100000070329371070000008074237A0000000001C0041800000000000000000000000000000000000000000000000000000000000000000000000000000000000000000000000000000000000034440000000000608D44000000000018431300000000683AA77100000000000000000000000000184313000000008000000000000000401A0B130000000060A7E912000000008000000000000000A00B3B13000000006B040000000000000404657500000000
05-21 10:42:41.764 16351-16351/? W/google-breakpad: S 0000007FCDBC9500 683AA771000000000000000000000000788034957F0000000000803F000000000E00000000000000385401957F00000000A0499501000000000000000000000000403800000000000000430001000000C0B33100000000000100000001000000010000000000000001000000D00200006B0400000000000048FB0A740000000000000000000000000000000000000000788034957F0000000000803F000000000000000000000000A851A771000000000000000000000000001843130000000000800000000000000100000000000000E0484713000000000100000000000000000000000000000001000000000000006B040000000000006C80657500000000A851A771000000000100000000000000E884AF7120016B957F000000000000000100000008000000000000007F000000A849A77100000000001843130000000001000000000000000000000000000000407F0113000000002469657500000000A849A771000000006881AF710000000000184313000000000100000000000000
05-21 10:42:41.765 16351-16351/? W/google-breakpad: S 0000007FCDBC9680 E07E011300000000001443130100000000000000D00200000100000000000000010000000008000000000000FFFF9FFF20800000C0FC6A950000000000000000000000000000000000184313000000002866A771000000006872A771000000000018431300000000FFFFFF7F00000000E07E0113000000000014431300000000010000000000000001000000000000000100000000000000903F6675000000006872A7710000000000608D440000000000184313000000002866A77100000000320CA00100000000FC066675000000002866A771000000002881AF7100000000205944130000000060B1887100000000C06244130000000080C00D7A7F00000000000000000000002881AF710000000020594413000000000000000000000000E07E01137F000000D45601957F0000000700000060B18871B85601957F00000000A049957F0000006880AF710000000053402200000000000014431300000000205944130100000001000000000000005340220001000000E07E011300000000
05-21 10:42:41.766 16351-16351/? W/google-breakpad: S 0000007FCDBC9800 00000000000000000000000000000000000000007F00000000000000000000002000000000000000385401957F00000000A049957F000000000055000000000000005500000000000000000000000000205944130000000000000000000000000000000000000000788034957F0000000000803F00000000040000000000000000000000000000000000000000000000000000000000000000000000000000000014431300000000E07E011300000000001843130000000053483403000000006811A8710000000000144313000000000000000000000000E07E011300000000534834030000000070376975000000006811A87100000000E07E01130014431353483403000000001CD2BA75000000006880AF71C0FC6A9500000000000000000000000000000000680AA871000000000014431300000000E07E0113000000000018431300000000B4EB687500000000680AA87100000000D5446B5F42C886746B0400000000000048FB0A740000000025000000000000000000550000000000
05-21 10:42:41.767 16351-16351/? W/google-breakpad: S 0000007FCDBC9980 000043000100000000A049957F000000E878A57188B6BCCD00000000006444130200000000000000000000007F000000000000000000000000000000534834030000000000000000534022000000000020594413000000000000000001000000C0624413220000000200000000000000E885AF7100000000A849A77100000000001443130000000000000000000000008000000000000000E07E01130000000020594413000000000100000000000000000000000000000002000000000000006B04000000000000D46A657500000000A849A7710000000050D15313000000000000000000000000E8F6AB71000000000000000000000000A08DB87500000000E8F6AB71D0020000000043007F00000000A049950008000000000000FFFF9FFF208000000000000020BDBCCD7F000000D08F34957F0000000014431300000000B00C4001000000006872A771000000000010431300000000007D521300000000A0564413000000000100000000000000C0624413000000000200000000000000
05-21 10:42:41.768 16351-16351/? W/google-breakpad: S 0000007FCDBC9B00 206F531300000000903F6675000000006872A77100000000603DC812000000000014431300000000B00C400100000000E8F6A77100000000D498687500000000E8F6A7717F000000000000000000000098A5877100000000FFFFFF7F000000000100000000000000E80BA87100000000001443130000000044F8687500000000E80BA871001043130C38269500000000000000007F0000000008000000000000E8D8AA710000000040FDF4700000000040FDF47000000000A849A77100000000001043130000000040FDF470000000000080000000000000007D521300000000A0564413000000000100000000000000803F4213000000000100000000000000206F5313000000008466657500000000A849A77100000000603DC812000000009CBA340300000000564834030000000070A4BCCD7F00000024C715957F000000D09CBCCD7F000000D5446B5F42C88674809CBCCD0008000000000000FFFF9FFF208000007F00000020BDBCCD7F000000D08F34957F0000000010431300000000
05-21 10:42:41.768 16351-16351/? W/google-breakpad: S 0000007FCDBC9C80 300DC001000000006872A7710000000000881C1300000000007D521300000000405B4213000000000100000000000000803F4213000000000100000000000000206F531300000000903F6675000000006872A7717F00000001000000000000000010431300000000300DC00100000000E8F6A77100000000D498687500000000E8F6A771000000006841FF700000000098A5877100000000FFFFFF7F000000000000000000000000E80BA87100000000001043130000000044F8687500000000E80BA87100881C1380CBF2120000000000000000000000000008000000000000E8D8AA7100000000A8AAF47000000000A8AAF47000000000A849A7710000000000881C1300000000A8AAF470000000000080000000000000007D521300000000405B4213000000000100000000000000403E4213000000000200000000000000206F5313000000008466657500000000A849A77100000000603DC81200000000564834030000000080CBF212000000005648340300000000C0A2BCCD7F000000
05-21 10:42:41.770 16351-16351/? W/google-breakpad: S 0000007FCDBC9E00 F09FBCCD7F00000064EF8C7400000000686412710008000000000000FFFF9FFF208000007F00000020BDBCCD7F000000D08F34957F00000000881C1300000000B00C4001000000006872A7710000000000841C1300000000007D52130000000060594213000000000100000000000000403E4213000000000200000000000000206F531300000000903F6675000000006872A77100000000000000000000000000881C1300000000B00C400100000000E8F6A77100000000D498687500000000E8F6A7710000000080CBF21200000000D8FFFFFF00000000FFFFFF7F000000000000000000000000E80BA8710000000000881C130000000044F8687500000000E80BA87100841C13301747130000000000000000000000000008000000000000E8D8AA7100000000F8FFF47000000000F8FFF47000000000A849A7710000000000841C1300000000F8FFF470000000000080000000000000007D52130000000060594213000000000100000000000000803D4213000000000200000000000000
05-21 10:42:41.771 16351-16351/? W/google-breakpad: S 0000007FCDBC9F80 206F5313000000008466657500000000A849A7717F00000030DE28657F000000D0A66A7700000000D0A66A770000000000C34C957F00000080FFFFFF0000000000B03F957F000000020008000000000090A049950008000000000000FFFF9FFF20800000F05D471320BDBCCD7F000000D08F34957F00000000841C1300000000B00C4001000000006872A7710000000000801C1300000000007D521300000000C0564213000000000100000000000000803D4213000000000200000000000000206F531300000000903F6675000000006872A7717F00000080FFFFFF0000000000841C1300000000B00C400100000000E8F6A77100000000D498687500000000E8F6A7717F000000000000000000000040A2BCCD00000000FFFFFF7F7F0000000100000000000000E80BA8710000000000841C130000000044F8687500000000E80BA87100801C130000000000000000000000007F0000000008000000000000E8D8AA710000000040FDF4700000000040FDF47000000000A849A77100000000
05-21 10:42:41.772 16351-16351/? W/google-breakpad: S 0000007FCDBCA100 00801C130000000040FDF470000000000080000000000000007D521300000000C056421300000000010000000000000000614413000000000100000000000000206F5313000000008466657500000000A849A7717F00000078EC107A7F00000040A2BCCD7F000000502506957F00000068A2BCCD7F000000000000000000000060A5BCCD7F00000078EC107A7F00000078A5BCCD0008000000000000FFFF9FFF208000007F00000020BDBCCD7F000000D08F34957F00000000801C1300000000300D4001000000006872A771000000000008431300000000007D5213000000008054441300000000010000000000000000614413000000000100000000000000206F531300000000903F6675000000006872A7717F000000000000000000000000801C1300000000300D400100000000E8F6A77100000000D498687500000000E8F6A7717F000000EC1CD3807F00000000C34C9500000000FFFFFF7F7F0000000000000000000000E80BA8710000000000801C130000000044F8687500000000
05-21 10:42:41.773 16351-16351/? W/google-breakpad: S 0000007FCDBCA280 E80BA87100084313430000000000000000000000000000000008000000000000E8D8AA7100000000A021C81200000000A021C81200000000A849A771000000000008431300000000A021C812000000000080000000000000007D5213000000008054441300000000010000000000000080604413000000000200000000000000206F5313000000008466657500000000A849A7717F00000078EC107A7F00000078A5BCCD7F000000A063F5657F000000A0A4BCCD7F000000A0A4BCCD7F00000070A4BCCD7F000000D8FFFFFF80FFFFFF78A5BCCD0008000000000000FFFF9FFF208000007F00000020BDBCCD7F000000D08F34957F0000000008431300000000B00C4001000000006872A771000000000004431300000000007D521300000000A051441300000000010000000000000080604413000000000200000000000000206F531300000000903F6675000000006872A7717F000000A0A4BCCD7F0000000008431300000000B00C400100000000E8F6A77100000000D498687500000000
